###############################################################################
#
# IAR ELF Linker V8.50.9.278/W32 for ARM                  05/Apr/2024  10:26:24
# Copyright 2007-2020 IAR Systems AB.
#
#    Output file  =  ZigbeeHaLightEndDevice.out
#    Map file     =
#        C:/Users/arjun/SimplicityStudio/v5_workspace/ZigbeeHaLightEndDevice/IAR
#        ARM - Default/ZigbeeHaLightEndDevice.map
#    Command line =
#        C:/SiliconLabs/SimplicityStudio/v5/developer/sdks/gecko_sdk_suite/v3.2//protocol/zigbee/build/cbke-163k1-stub-library-cortexm3-iar-efr32mg21-rail/cbke-163k1-stub-library.a
#        C:/SiliconLabs/SimplicityStudio/v5/developer/sdks/gecko_sdk_suite/v3.2//protocol/zigbee/build/source-route-library-cortexm3-iar-efr32mg21-rail/source-route-library.a
#        C:/SiliconLabs/SimplicityStudio/v5/developer/sdks/gecko_sdk_suite/v3.2//protocol/zigbee/build/cbke-library-dsa-sign-stub-cortexm3-iar-efr32mg21-rail/cbke-library-dsa-sign-stub.a
#        C:/SiliconLabs/SimplicityStudio/v5/developer/sdks/gecko_sdk_suite/v3.2//protocol/zigbee/build/binding-table-library-cortexm3-iar-efr32mg21-rail/binding-table-library.a
#        C:/SiliconLabs/SimplicityStudio/v5/developer/sdks/gecko_sdk_suite/v3.2//protocol/zigbee/build/security-library-link-keys-stub-cortexm3-iar-efr32mg21-rail/security-library-link-keys-stub.a
#        C:/SiliconLabs/SimplicityStudio/v5/developer/sdks/gecko_sdk_suite/v3.2//protocol/zigbee/build/packet-validate-library-cortexm3-iar-efr32mg21-rail/packet-validate-library.a
#        C:/SiliconLabs/SimplicityStudio/v5/developer/sdks/gecko_sdk_suite/v3.2//protocol/zigbee/build/zigbee-pro-stack-cortexm3-iar-efr32mg21-rail/zigbee-pro-stack.a
#        C:/SiliconLabs/SimplicityStudio/v5/developer/sdks/gecko_sdk_suite/v3.2//protocol/zigbee/build/gp-stub-library-cortexm3-iar-efr32mg21-rail/gp-stub-library.a
#        C:/SiliconLabs/SimplicityStudio/v5/developer/sdks/gecko_sdk_suite/v3.2//protocol/zigbee/build/sim-eeprom2-to-nvm3-upgrade-stub-library-cortexm3-iar-efr32mg21-rail/sim-eeprom2-to-nvm3-upgrade-stub-library.a
#        C:/SiliconLabs/SimplicityStudio/v5/developer/sdks/gecko_sdk_suite/v3.2//platform/emdrv/nvm3/lib/libnvm3_CM33_iar.a
#        C:/SiliconLabs/SimplicityStudio/v5/developer/sdks/gecko_sdk_suite/v3.2//protocol/zigbee/build/multi-pan-stub-library-cortexm3-iar-efr32mg21-rail/multi-pan-stub-library.a
#        C:/SiliconLabs/SimplicityStudio/v5/developer/sdks/gecko_sdk_suite/v3.2//protocol/zigbee/build/multi-network-stub-library-cortexm3-iar-efr32mg21-rail/multi-network-stub-library.a
#        C:/SiliconLabs/SimplicityStudio/v5/developer/sdks/gecko_sdk_suite/v3.2//protocol/zigbee/app/framework/plugin/encelium-commissioning-router-library/ecom-library.a
#        C:/SiliconLabs/SimplicityStudio/v5/developer/sdks/gecko_sdk_suite/v3.2//platform/radio/rail_lib/autogen/librail_release/librail_efr32xg21_iar_release.a
#        C:/SiliconLabs/SimplicityStudio/v5/developer/sdks/gecko_sdk_suite/v3.2//protocol/zigbee/build/zll-stub-library-cortexm3-iar-efr32mg21-rail/zll-stub-library.a
#        C:/SiliconLabs/SimplicityStudio/v5/developer/sdks/gecko_sdk_suite/v3.2//protocol/zigbee/build/hal-library-cortexm3-iar-efr32mg21-rail/hal-library.a
#        C:/SiliconLabs/SimplicityStudio/v5/developer/sdks/gecko_sdk_suite/v3.2//protocol/zigbee/build/cbke-library-dsa-verify-283k1-stub-cortexm3-iar-efr32mg21-rail/cbke-library-dsa-verify-283k1-stub.a
#        C:/SiliconLabs/SimplicityStudio/v5/developer/sdks/gecko_sdk_suite/v3.2//protocol/zigbee/build/end-device-bind-stub-library-cortexm3-iar-efr32mg21-rail/end-device-bind-stub-library.a
#        C:/SiliconLabs/SimplicityStudio/v5/developer/sdks/gecko_sdk_suite/v3.2//protocol/zigbee/build/cbke-283k1-stub-library-cortexm3-iar-efr32mg21-rail/cbke-283k1-stub-library.a
#        C:/SiliconLabs/SimplicityStudio/v5/developer/sdks/gecko_sdk_suite/v3.2//protocol/zigbee/build/debug-basic-library-cortexm3-iar-efr32mg21-rail/debug-basic-library.a
#        C:/SiliconLabs/SimplicityStudio/v5/developer/sdks/gecko_sdk_suite/v3.2//protocol/zigbee/build/debug-extended-stub-library-cortexm3-iar-efr32mg21-rail/debug-extended-stub-library.a
#        C:/SiliconLabs/SimplicityStudio/v5/developer/sdks/gecko_sdk_suite/v3.2//protocol/zigbee/app/framework/plugin/encelium-commissioning/ecom-link-keys.a
#        C:/SiliconLabs/SimplicityStudio/v5/developer/sdks/gecko_sdk_suite/v3.2//protocol/zigbee/build/cbke-library-dsa-verify-stub-cortexm3-iar-efr32mg21-rail/cbke-library-dsa-verify-stub.a
#        C:/SiliconLabs/SimplicityStudio/v5/developer/sdks/gecko_sdk_suite/v3.2//protocol/zigbee/build/cbke-stub-library-cortexm3-iar-efr32mg21-rail/cbke-stub-library.a
#        C:/SiliconLabs/SimplicityStudio/v5/developer/sdks/gecko_sdk_suite/v3.2//protocol/zigbee/build/install-code-library-cortexm3-iar-efr32mg21-rail/install-code-library.a
#        C:/SiliconLabs/SimplicityStudio/v5/developer/sdks/gecko_sdk_suite/v3.2//protocol/zigbee/build/zigbee-r22-support-stub-library-cortexm3-iar-efr32mg21-rail/zigbee-r22-support-stub-library.a
#        C:/SiliconLabs/SimplicityStudio/v5/developer/sdks/gecko_sdk_suite/v3.2//protocol/zigbee/build/mfglib-library-cortexm3-iar-efr32mg21-rail/mfglib-library.a
#        C:/SiliconLabs/SimplicityStudio/v5/developer/sdks/gecko_sdk_suite/v3.2//protocol/zigbee/app/framework/plugin/encelium-commissioning-router-library/ecom-library-dbg.a
#        ./zcl-framework-core/af-event.o ./zcl-framework-core/af-main-common.o
#        ./zcl-framework-core/af-main-soc.o ./zcl-framework-core/af-node.o
#        ./zcl-framework-core/af-security-common.o
#        ./zcl-framework-core/af-trust-center.o
#        ./zcl-framework-core/attribute-size.o
#        ./zcl-framework-core/attribute-storage.o
#        ./zcl-framework-core/attribute-table.o
#        ./zcl-framework-core/client-api.o ./zcl-framework-core/core-cli.o
#        ./zcl-framework-core/crypto-state.o ./zcl-framework-core/message.o
#        ./zcl-framework-core/multi-network.o
#        ./zcl-framework-core/network-cli.o ./zcl-framework-core/option-cli.o
#        ./zcl-framework-core/plugin-cli.o
#        ./zcl-framework-core/print-formatter.o ./zcl-framework-core/print.o
#        ./zcl-framework-core/process-cluster-message.o
#        ./zcl-framework-core/process-global-message.o
#        ./zcl-framework-core/security-cli.o
#        ./zcl-framework-core/service-discovery-common.o
#        ./zcl-framework-core/service-discovery-soc.o
#        ./zcl-framework-core/time-util.o ./zcl-framework-core/util.o
#        ./zcl-framework-core/zcl-cli.o ./zcl-framework-core/zdo-cli.o
#        ./strong-random/strong-random-api.o ./serial/EFR32/serial.o
#        ./serial/com.o ./scenes/scenes-cli.o ./scenes/scenes.o
#        ./reporting/reporting-cli.o
#        ./reporting/reporting-default-configuration.o ./reporting/reporting.o
#        ./ota-storage-simple-eeprom/ota-storage-eeprom-page-erase.o
#        ./ota-storage-simple-eeprom/ota-storage-eeprom-read-modify-write.o
#        ./ota-storage-simple-eeprom/ota-storage-eeprom.o
#        ./ota-storage-simple/ota-storage-simple.o
#        ./ota-storage-common/ota-storage-common-cli.o
#        ./ota-storage-common/ota-storage-common.o ./ota-common/ota-common.o
#        ./ota-client/ota-client-cli.o ./ota-client/ota-client-page-request.o
#        ./ota-client/ota-client-signature-verify.o ./ota-client/ota-client.o
#        ./ota-bootload/ota-bootload-cli.o ./ota-bootload/ota-bootload-soc.o
#        ./osramds-time-server/TimeServer.o
#        ./osramds-reset2factory/Reset2Factory.o
#        ./osramds-ota-client-policy/OtaClientPolicy.o
#        ./osramds-identify-server/IdentifyServer.o
#        ./osramds-basic-server/BasicServer.o
#        ./osramds-alarm-server/AlarmServer.o
#        ./osramds-UserInterface/UserInterface.o ./on-off/on-off.o
#        ./nvm3/EFR32/nvm3_default.o ./nvm3/EFR32/nvm3_hal_flash.o
#        ./nvm3/nvm3_lock.o ./mbedtls/EFR32/aes.o ./mbedtls/EFR32/aes_aes.o
#        ./mbedtls/EFR32/asn1parse.o ./mbedtls/EFR32/asn1write.o
#        ./mbedtls/EFR32/base64.o ./mbedtls/EFR32/bignum.o
#        ./mbedtls/EFR32/ccm.o ./mbedtls/EFR32/chacha20.o
#        ./mbedtls/EFR32/chachapoly.o ./mbedtls/EFR32/cipher.o
#        ./mbedtls/EFR32/cipher_wrap.o ./mbedtls/EFR32/cmac.o
#        ./mbedtls/EFR32/crypto_aes.o ./mbedtls/EFR32/crypto_ecp.o
#        ./mbedtls/EFR32/crypto_gcm.o ./mbedtls/EFR32/crypto_management.o
#        ./mbedtls/EFR32/cryptoacc_aes.o ./mbedtls/EFR32/cryptoacc_gcm.o
#        ./mbedtls/EFR32/cryptoacc_management.o ./mbedtls/EFR32/ctr_drbg.o
#        ./mbedtls/EFR32/des.o ./mbedtls/EFR32/ecdh.o ./mbedtls/EFR32/ecdsa.o
#        ./mbedtls/EFR32/ecjpake.o ./mbedtls/EFR32/ecp.o
#        ./mbedtls/EFR32/ecp_curves.o ./mbedtls/EFR32/entropy.o
#        ./mbedtls/EFR32/error.o ./mbedtls/EFR32/gcm.o
#        ./mbedtls/EFR32/mbedtls_ccm.o ./mbedtls/EFR32/mbedtls_cmac.o
#        ./mbedtls/EFR32/mbedtls_ecdsa_ecdh.o ./mbedtls/EFR32/mbedtls_sha.o
#        ./mbedtls/EFR32/md.o ./mbedtls/EFR32/md5.o ./mbedtls/EFR32/oid.o
#        ./mbedtls/EFR32/pem.o ./mbedtls/EFR32/pk.o ./mbedtls/EFR32/pk_wrap.o
#        ./mbedtls/EFR32/pkparse.o ./mbedtls/EFR32/platform_util.o
#        ./mbedtls/EFR32/poly1305.o ./mbedtls/EFR32/psa_crypto.o
#        ./mbedtls/EFR32/psa_crypto_cipher.o
#        ./mbedtls/EFR32/psa_crypto_client.o
#        ./mbedtls/EFR32/psa_crypto_driver_wrappers.o
#        ./mbedtls/EFR32/psa_crypto_ecp.o ./mbedtls/EFR32/psa_crypto_hash.o
#        ./mbedtls/EFR32/psa_crypto_mac.o
#        ./mbedtls/EFR32/psa_crypto_slot_management.o
#        ./mbedtls/EFR32/psa_crypto_storage.o ./mbedtls/EFR32/rsa.o
#        ./mbedtls/EFR32/rsa_internal.o ./mbedtls/EFR32/se_aes.o
#        ./mbedtls/EFR32/se_gcm.o ./mbedtls/EFR32/se_jpake.o
#        ./mbedtls/EFR32/sha1.o ./mbedtls/EFR32/sha256.o
#        ./mbedtls/EFR32/sha512.o ./mbedtls/EFR32/sl_entropy.o
#        ./mbedtls/EFR32/sl_mbedtls.o ./mbedtls/EFR32/sl_psa_its_nvm3.o
#        ./mbedtls/EFR32/sl_se_management.o ./mbedtls/EFR32/sl_se_manager.o
#        ./mbedtls/EFR32/sl_se_manager_attestation.o
#        ./mbedtls/EFR32/sl_se_manager_cipher.o
#        ./mbedtls/EFR32/sl_se_manager_entropy.o
#        ./mbedtls/EFR32/sl_se_manager_hash.o
#        ./mbedtls/EFR32/sl_se_manager_key_derivation.o
#        ./mbedtls/EFR32/sl_se_manager_key_handling.o
#        ./mbedtls/EFR32/sl_se_manager_signature.o
#        ./mbedtls/EFR32/sl_se_manager_util.o
#        ./mbedtls/EFR32/sli_crypto_transparent_driver_aead.o
#        ./mbedtls/EFR32/sli_crypto_transparent_driver_cipher.o
#        ./mbedtls/EFR32/sli_crypto_transparent_driver_hash.o
#        ./mbedtls/EFR32/sli_crypto_transparent_driver_mac.o
#        ./mbedtls/EFR32/sli_crypto_trng_driver.o
#        ./mbedtls/EFR32/sli_cryptoacc_transparent_driver_aead.o
#        ./mbedtls/EFR32/sli_cryptoacc_transparent_driver_cipher.o
#        ./mbedtls/EFR32/sli_cryptoacc_transparent_driver_hash.o
#        ./mbedtls/EFR32/sli_cryptoacc_transparent_driver_key_derivation.o
#        ./mbedtls/EFR32/sli_cryptoacc_transparent_driver_key_management.o
#        ./mbedtls/EFR32/sli_cryptoacc_transparent_driver_mac.o
#        ./mbedtls/EFR32/sli_cryptoacc_transparent_driver_signature.o
#        ./mbedtls/EFR32/sli_protocol_crypto_crypto.o
#        ./mbedtls/EFR32/sli_protocol_crypto_radioaes.o
#        ./mbedtls/EFR32/sli_psa_driver_common.o
#        ./mbedtls/EFR32/sli_psa_driver_ghash.o
#        ./mbedtls/EFR32/sli_psa_driver_init.o ./mbedtls/EFR32/sli_psa_trng.o
#        ./mbedtls/EFR32/sli_radioaes_management.o
#        ./mbedtls/EFR32/sli_se_driver_aead.o
#        ./mbedtls/EFR32/sli_se_driver_builtin_keys.o
#        ./mbedtls/EFR32/sli_se_driver_cipher.o
#        ./mbedtls/EFR32/sli_se_driver_key_derivation.o
#        ./mbedtls/EFR32/sli_se_driver_key_management.o
#        ./mbedtls/EFR32/sli_se_driver_mac.o
#        ./mbedtls/EFR32/sli_se_driver_signature.o
#        ./mbedtls/EFR32/sli_se_opaque_driver_aead.o
#        ./mbedtls/EFR32/sli_se_opaque_driver_cipher.o
#        ./mbedtls/EFR32/sli_se_opaque_driver_mac.o
#        ./mbedtls/EFR32/sli_se_opaque_key_derivation.o
#        ./mbedtls/EFR32/sli_se_transparent_driver_aead.o
#        ./mbedtls/EFR32/sli_se_transparent_driver_cipher.o
#        ./mbedtls/EFR32/sli_se_transparent_driver_hash.o
#        ./mbedtls/EFR32/sli_se_transparent_driver_mac.o
#        ./mbedtls/EFR32/sli_se_transparent_key_derivation.o
#        ./mbedtls/EFR32/ssl_cache.o ./mbedtls/EFR32/ssl_ciphersuites.o
#        ./mbedtls/EFR32/ssl_cli.o ./mbedtls/EFR32/ssl_cookie.o
#        ./mbedtls/EFR32/ssl_msg.o ./mbedtls/EFR32/ssl_srv.o
#        ./mbedtls/EFR32/ssl_ticket.o ./mbedtls/EFR32/ssl_tls.o
#        ./mbedtls/EFR32/threading.o ./mbedtls/EFR32/x509.o
#        ./mbedtls/EFR32/x509_create.o ./mbedtls/EFR32/x509_crl.o
#        ./mbedtls/EFR32/x509_crt.o ./mbedtls/EFR32/x509_csr.o
#        ./mbedtls/EFR32/x509write_crt.o ./mbedtls/EFR32/x509write_csr.o
#        ./hal-library/EFR32_xx/pa_conversions_efr32.o
#        ./hal-library/EFR32_xx/pa_curves_efr32.o
#        ./hal-library/EFR32_2/sl_hfxo_manager.o
#        ./hal-library/EFR32_2/sl_hfxo_manager_hal_s2.o
#        ./hal-library/EFR32/hal-config-gpio.o ./hal-library/EFR32/hal-config.o
#        ./hal-library/EFR32/sl_mpu.o ./hal-library/EFR32/sl_power_manager.o
#        ./hal-library/EFR32/sl_power_manager_debug.o
#        ./hal-library/EFR32/sl_power_manager_hal_s0_s1.o
#        ./hal-library/EFR32/sl_power_manager_hal_s2.o
#        ./hal-library/EFR32/sl_slist.o ./groups-server/groups-server-cli.o
#        ./groups-server/groups-server.o
#        ./external-generated-files/bootloader-interface-app.o
#        ./external-generated-files/bootloader-interface.o
#        ./external-generated-files/btl_interface.o
#        ./external-generated-files/btl_interface_storage.o
#        ./external-generated-files/lib_csv.o
#        ./external-generated-files/raw-mfglib-msg.o
#        ./external-generated-files/startup-mfg-config.o
#        ./external-generated-files/stdlib_fix.o
#        ./encelium-sw-timer/encelium-sw-timer.o
#        ./encelium-restart-message/encelium-restart-message.o
#        ./encelium-radio-control/encelium-radio-control.o
#        ./encelium-main/encelium-main.o
#        ./encelium-interpan/encelium-interpan-cli.o
#        ./encelium-interpan/encelium-interpan.o
#        ./encelium-interface/encelium-interface-cli.o
#        ./encelium-interface/encelium-interface.o
#        ./encelium-diagnostics/encelium-diagnostics.o
#        ./encelium-coroutine/encelium-coroutine.o
#        ./encelium-commissioning/encelium-commissioning-cli.o
#        ./encelium-commissioning/encelium-commissioning-token.o
#        ./encelium-commissioning/encelium-commissioning.o ./emlib/em_adc.o
#        ./emlib/em_cmu.o ./emlib/em_core.o ./emlib/em_cryotimer.o
#        ./emlib/em_emu.o ./emlib/em_eusart.o ./emlib/em_gpio.o
#        ./emlib/em_i2c.o ./emlib/em_ldma.o ./emlib/em_leuart.o
#        ./emlib/em_msc.o ./emlib/em_prs.o ./emlib/em_rmu.o ./emlib/em_rtcc.o
#        ./emlib/em_se.o ./emlib/em_system.o ./emlib/em_timer.o
#        ./emlib/em_usart.o ./emlib/em_wdog.o ./emlib/system_efr32mg21.o
#        ./emdrv/dmadrv.o ./emdrv/gpiointerrupt.o ./emdrv/sl_sleeptimer.o
#        ./emdrv/sl_sleeptimer_hal_rtcc.o ./emdrv/tempdrv.o ./emdrv/uartdrv.o
#        ./emdrv/ustimer.o ./ember-minimal-printf/ember-printf.o
#        ./efr32/assert-crash-handlers.o ./efr32/button.o
#        ./efr32/buzzer-efr32.o ./efr32/cstartup-common.o ./efr32/diagnostic.o
#        ./efr32/ext-device.o ./efr32/faults-v7m.o ./efr32/isr-stubs.o
#        ./efr32/led.o ./efr32/mfg-token.o ./efr32/micro-common.o
#        ./efr32/micro.o ./efr32/sleep-efm32.o ./efr32/token.o
#        ./eeprom/eeprom-afv2.o ./eeprom/eeprom-cli.o ./eeprom/eeprom.o
#        ./debug-jtag/EFR32/debug-jtag-efr32.o
#        ./debug-basic-library/EFR32/SEGGER_RTT.o ./counters/counters-cli.o
#        ./counters/counters-ota.o ./counters/counters-soc.o
#        ./concentrator/concentrator-support-cli.o
#        ./concentrator/concentrator-support.o
#        ./coexistence-stub/EFR32/coexistence-802154.o
#        ./coexistence-stub/EFR32/coulomb-counter-802154.o
#        ./ccm-encryption/ccm-star.o ./antenna-stub/antenna-stub.o
#        ./adc/EFR32/adc-efr32.o
#        ./ZigbeeServices/Zigbee2Dali/DaliUart/DaliUartHAL/DaliUart_EM358x.o
#        ./ZigbeeServices/Zigbee2Dali/DaliUart/DaliUart.o
#        ./ZigbeeServices/Zigbee2Dali/DaliDeviceHandling.o
#        ./ZigbeeServices/Zigbee2Dali/DaliTelegram.o
#        ./ZigbeeServices/Zigbee2Dali/MemoryBank.o
#        ./ZigbeeServices/Zigbee2Dali/Zigbee2Dali.o
#        ./ZigbeeServices/Zigbee2Dali/daliConversions.o
#        ./ZigbeeCallbacks/ClusterServerCallbacks/BallastConfigurationServer.o
#        ./ZigbeeCallbacks/ClusterServerCallbacks/ColorControlServer.o
#        ./ZigbeeCallbacks/ClusterServerCallbacks/DeviceTemperatureServer.o
#        ./ZigbeeCallbacks/ClusterServerCallbacks/ElectricalMeasurementServer.o
#        ./ZigbeeCallbacks/ClusterServerCallbacks/EnceliumInterfaceServer.o
#        ./ZigbeeCallbacks/ClusterServerCallbacks/GroupServer.o
#        ./ZigbeeCallbacks/ClusterServerCallbacks/IdentifyClient.o
#        ./ZigbeeCallbacks/ClusterServerCallbacks/IlluminanceMeasurementServer.o
#        ./ZigbeeCallbacks/ClusterServerCallbacks/LevelControlServer.o
#        ./ZigbeeCallbacks/ClusterServerCallbacks/OccupancySensingServer.o
#        ./ZigbeeCallbacks/ClusterServerCallbacks/ZigbeeDiagnosticServer.o
#        ./ZigbeeCallbacks/custom-cli.o ./ZigbeeCallbacks/mfg_test_app.o
#        ./ZigbeeHaLightEndDevice_callbacks.o ./call-command-handler.o
#        ./callback-stub.o ./command-interpreter2.o ./crc.o
#        ./ember-base-configuration.o ./ember-configuration.o ./endian.o
#        ./library.o ./mem-util.o ./random.o ./security-address-cache.o
#        ./stack-handler-stub.o ./token-def.o ./zigbee-device-common.o
#        ./zigbee-device-library.o ./znet-bookkeeping.o ./znet-cli.o -o
#        ZigbeeHaLightEndDevice.out --config
#        C:/SiliconLabs/SimplicityStudio/v5/developer/sdks/gecko_sdk_suite/v3.2//platform/base/hal/micro/cortexm3/efm32/iar-cfg.icf
#        --config_def APP_BTL=1 --config_def FLASH_SIZE=786432 --config_def
#        RAM_SIZE=65536 --config_def SIMEEPROM_SIZE=32768 --config_def
#        LOCKBITS_IN_MAINFLASH_SIZE=8192 --config_def
#        EMBER_MALLOC_HEAP_SIZE=2048 --config_def HEADER_SIZE=512 --config_def
#        PSSTORE_SIZE=0 --config_def LONGTOKEN_SIZE=0 --config_def
#        BTL_SIZE=16384 --no_wrap_diagnostics --entry __iar_program_start --map
#        "C:/Users/arjun/SimplicityStudio/v5_workspace/ZigbeeHaLightEndDevice/IAR
#        ARM - Default/ZigbeeHaLightEndDevice.map" --log_file
#        "C:/Users/arjun/SimplicityStudio/v5_workspace/ZigbeeHaLightEndDevice/IAR
#        ARM - Default/ZigbeeHaLightEndDevice.log" --log
#        initialization,modules,sections,veneers --redirect
#        _Printf=_PrintfSmallNoMb --redirect _Scanf=_ScanfFullNoMb
#
###############################################################################

*******************************************************************************
*** MESSAGES
***

Warning[Lt009]: Inconsistent wchar_t size
            ecom-link-keys.a has wchar_t size 16 bits
            af-event.o and 581 other objects, some of them in zigbee-pro-stack.a and 204 other libraries have wchar_t size 32 bits


*******************************************************************************
*** RUNTIME MODEL ATTRIBUTES
***

CppFlavor       = *
__SystemLibrary = DLib
__dlib_version  = 6


*******************************************************************************
*** HEAP SELECTION
***

The basic heap was selected because no calls to memory allocation
functions were found in the application outside of system library
functions, and there are calls to deallocation functions in the
application.


*******************************************************************************
*** PLACEMENT SUMMARY
***

"BAT": place at address 0x0 { section BAT };
define block HEADER_block with fixed order { ro section AAT };
"HEADERS":
       place at start of [from 0x4000 to 0x41ff] { block HEADER_block };
define block APPRO_block
   with fixed order {
      ro section .intvec, ro section .textrw_init, ro section .gatt_header,
      ro section .gatt_data, ro section .text, ro section CODE,
      ro section .rodata, ro section .data_init, ro section .init_array,
      ro section .iar.init_table, ro section __DLIB_PERTHREAD_init };
"APP ro":
       place at start of [from 0x4200 to 0xb'ffff] { block APPRO_block };
"SIMEE&LOCKBITS":
       place at end of [from 0x4200 to 0xb'ffff] {
          zi section SIMEE, zi section INTERNAL_STORAGE, zi section LONGTOKEN,
          zi section PSSTORE, zi section LOCKBITS_IN_MAINFLASH };
define block ALIGN_EMHEAP with alignment = 8 { rw section EMHEAP };
define block RESETHEAP
   with fixed order {
      rw section RESETINFO, rw section .noinitnew, block ALIGN_EMHEAP };
"ResetHeap":
       place at start of [from 0x2000'0000 to 0x2000'ffef] { block RESETHEAP };
"Guard":
       place in [from 0x2000'0000 to 0x2000'ffef] { rw section GUARD_REGION };
define block ALIGN_CSTACK with alignment = 8 { rw section CSTACK };
define block DLIB_PERTHREAD_INITIALIZED_DATA { rw section __DLIB_PERTHREAD };
define block DLIB_PERTHREAD_ZERO_DATA { zi section __DLIB_PERTHREAD };
define block HEAP with size = 2K, alignment = 8 { };
define block APPRW_block
   with fixed order {
      block ALIGN_CSTACK, rw section .textrw, rw section .data,
      block DLIB_PERTHREAD_INITIALIZED_DATA, block DLIB_PERTHREAD_ZERO_DATA,
      rw section .bss, rw section .noinitlegacy, block HEAP };
"APP rw":
       place at end of [from 0x2000'0000 to 0x2000'ffef] { block APPRW_block };
do not initialize {
   rw section .noinitlegacy, rw section .noinitnew, rw section CSTACK,
   rw section RESETINFO, rw section EMHEAP, zi section SIMEE,
   zi section INTERNAL_STORAGE, zi section LONGTOKEN, zi section PSSTORE,
   zi section LOCKBITS_IN_MAINFLASH };
initialize by copy { rw };

No sections matched the following patterns:

  ro section .gatt_data             in block APPRO_block
  ro section .gatt_header           in block APPRO_block
  ro section .iar.init_table        in block APPRO_block
  ro section .init_array            in block APPRO_block
  ro section CODE                   in block APPRO_block
  ro section __DLIB_PERTHREAD_init  in block APPRO_block
  rw section .noinitlegacy          in block APPRW_block
  rw section .noinitnew             in block RESETHEAP
  rw section DEBUG_CHANNEL          in "DEBUGCHAN"
  rw section __DLIB_PERTHREAD       in block DLIB_PERTHREAD_INITIALIZED_DATA
  zi section INTERNAL_STORAGE       in "SIMEE&LOCKBITS"
  zi section LONGTOKEN              in "SIMEE&LOCKBITS"
  zi section PSSTORE                in "SIMEE&LOCKBITS"
  zi section __DLIB_PERTHREAD       in block DLIB_PERTHREAD_ZERO_DATA


  Section                Kind         Address      Size  Object
  -------                ----         -------      ----  ------
"BAT":                                             0x54
  BAT                    uninit           0x0      0x54  cstartup-common.o [17]
                                       - 0x54      0x54

"HEADERS":                                         0xac
  HEADER_block                         0x4000      0xac  <Block>
    AAT                  const         0x4000      0xac  cstartup-common.o [17]
                                     - 0x40ac      0xac

"APP ro":                                      0x5'5924
  APPRO_block                          0x4200  0x5'5924  <Block>
    .intvec              const         0x4200     0x134  startup_efr32mg21.o [71]
    Initializer bytes    const         0x4334     0x1bd  <for .textrw-1>
    .text                              0x44f4  0x4'bbe8  <Block>
      .text              ro code       0x44f4     0xc3c  ecom-link-keys.a [1]
      .text              ro code       0x5130     0x2f4  af-event.o [57]
      .text              ro code       0x5424      0x8c  multi-network.o [57]
      .text              ro code       0x54b0     0x260  event-control.o [84]
      .text              ro code       0x5710      0x10  crypto-state.o [57]
      .text              ro code       0x5720    0x1a90  attribute-storage.o [57]
      .text              ro code       0x71b0       0xc  em_core.o [20]
      .text              ro code       0x71bc       0x6  em_core.o [20]
      .text              ro code       0x71c2       0x2  zigbee-stack.o [84]
      .text              ro code       0x71c4     0x130  system-timer.o [71]
      .text              ro code       0x72f4     0x298  assert-crash-handlers.o [17]
      .text              ro code       0x758c      0x1a  em_core.o [20]
      .text              ro code       0x75a6       0x8  em_core.o [20]
      .text              ro code       0x75ae      0x7c  ember-configuration.o [2]
      .text              ro code       0x762a       0x2  zigbee-stack.o [84]
      .text              ro code       0x762c      0xa6  ABImemcpy.o [80]
      .text              ro code       0x76d2       0x2  zigbee-stack.o [84]
      .text              ro code       0x76d4      0x66  ABImemset.o [80]
      .text              ro code       0x773a       0x2  zigbee-stack.o [84]
      .text              ro code       0x773c     0x10e  callback-stub.o [2]
      .text              ro code       0x784a       0x2  zigbee-stack.o [84]
      .text              ro code       0x784c     0xef2  util.o [57]
      .text              ro code       0x873e       0x2  zigbee-stack.o [84]
      .text              ro code       0x8740      0x96  ABImemmove.o [80]
      .text              ro code       0x87d6       0x2  zigbee-stack.o [84]
      .text              ro code       0x87d8     0x75a  ZigbeeHaLightEndDevice_callbacks.o [2]
      .text              ro code       0x8f32      0xcc  znet-bookkeeping.o [2]
      .text              ro code       0x8ffe       0x2  zigbee-stack.o [84]
      .text              ro code       0x9000     0x2d4  ember-multi-network-stub.o [77]
      .text              ro code       0x92d4     0x344  micro-common.o [17]
      .text              ro code       0x9618     0x48c  token.o [17]
      .text              ro code       0x9aa4     0x978  attribute-table.o [57]
      .text              ro code       0xa41c     0x788  sl_sleeptimer.o [19]
      .text              ro code       0xaba4     0x2b8  ustimer.o [19]
      .text              ro code       0xae5c     0x2e4  sleep-efm32.o [17]
      .text              ro code       0xb140       0x8  em_core.o [20]
      .text              ro code       0xb148     0x2b8  debug.o [65]
      .text              ro code       0xb400     0x12a  serial.o [55]
      .text              ro code       0xb52a       0x2  startup_efr32mg21.o [71]
      .text              ro code       0xb52c      0x4c  micro-internal.o [71]
      .text              ro code       0xb578     0x410  client-api.o [57]
      .text              ro code       0xb988     0x558  eeprom.o [16]
      .text              ro code       0xbee0     0x5f0  UserInterface.o [39]
      .text              ro code       0xc4d0     0x5a8  encelium-sw-timer.o [29]
      .text              ro code       0xca78     0x324  encelium-commissioning.o [21]
      .text              ro code       0xcd9c      0xca  encelium-interpan.o [25]
      .text              ro code       0xce66       0x2  startup_efr32mg21.o [71]
      .text              ro code       0xce68     0x4aa  encelium-interface.o [24]
      .text              ro code       0xd312       0x2  startup_efr32mg21.o [71]
      .text              ro code       0xd314     0xed0  reporting.o [52]
      .text              ro code       0xe1e4      0x9c  concentrator-support.o [12]
      .text              ro code       0xe280     0x234  Reset2Factory.o [44]
      .text              ro code       0xe4b4     0x310  counters-soc.o [13]
      .text              ro code       0xe7c4     0x674  encelium-diagnostics.o [23]
      .text              ro code       0xee38    0x1b34  association.o [84]
      .text              ro code     0x1'096c     0x2fc  ember-stack-common.o [84]
      .text              ro code     0x1'0c68     0x1e4  print.o [57]
      .text              ro code     0x1'0e4c     0x14c  time-util.o [57]
      .text              ro code     0x1'0f98     0x180  print-formatter.o [57]
      .text              ro code     0x1'1118     0x62c  groups-server.o [31]
      .text              ro code     0x1'1744      0x80  process-cluster-message.o [57]
      .text              ro code     0x1'17c4     0x898  process-global-message.o [57]
      .text              ro code     0x1'205c     0x270  message.o [57]
      .text              ro code     0x1'22cc     0xd98  af-main-common.o [57]
      .text              ro code     0x1'3064     0x404  address-table.o [84]
      .text              ro code     0x1'3468     0x4e0  binding-table.o [58]
      .text              ro code     0x1'3948     0x228  EnceliumInterfaceServer.o [4]
      .text              ro code     0x1'3b70    0x2044  Zigbee2Dali.o [5]
      .text              ro code     0x1'5bb4     0x958  LevelControlServer.o [4]
      .text              ro code     0x1'650c     0x784  af-main-soc.o [57]
      .text              ro code     0x1'6c90      0xdc  cstartup-common.o [17]
      .text              ro code     0x1'6d6c     0x270  BasicServer.o [41]
      .text              ro code     0x1'6fdc     0x5b4  IdentifyServer.o [42]
      .text              ro code     0x1'7590     0x38e  BallastConfigurationServer.o [4]
      .text              ro code     0x1'791e       0x2  startup_efr32mg21.o [71]
      .text              ro code     0x1'7920       0x6  ABImemclr4.o [80]
      .text              ro code     0x1'7926       0x2  startup_efr32mg21.o [71]
      .text              ro code     0x1'7928      0x64  random.o [2]
      .text              ro code     0x1'798c      0xaa  multi-pan-stub.o [78]
      .text              ro code     0x1'7a36       0x2  startup_efr32mg21.o [71]
      .text              ro code     0x1'7a38     0x558  mac-child.o [84]
      .text              ro code     0x1'7f90     0xa38  upper-mac.o [84]
      .text              ro code     0x1'89c8     0x238  zigbee-neighbor.o [84]
      .text              ro code     0x1'8c00       0x4  faults-v7m.o [17]
      .text              ro code     0x1'8c04     0xcb4  em_cmu.o [20]
      .text              ro code     0x1'98b8      0xda  em_wdog.o [20]
      .text              ro code     0x1'9992       0x4  sim-eeprom2-to-nvm3-upgrade-stub.o [82]
      .text              ro code     0x1'9996       0xa  xsprout.o [67]
      .text              ro code     0x1'99a0    0x1c98  nvm3.o [73]
      .text              ro code     0x1'b638     0x374  mfg-token.o [17]
      .text              ro code     0x1'b9ac       0xa  ember-base-configuration.o [2]
      .text              ro code     0x1'b9b6      0x3a  zero_init3.o [80]
      .text              ro code     0x1'b9f0      0xa6  attribute-size.o [57]
      .text              ro code     0x1'ba98     0x2f6  sl_sleeptimer_hal_rtcc.o [19]
      .text              ro code     0x1'bd90     0x230  I64DivMod.o [80]
      .text              ro code     0x1'bfc0      0x1e  U64Shr.o [80]
      .text              ro code     0x1'bfe0     0x610  sl_power_manager.o [32]
      .text              ro code     0x1'c5f0      0x14  memset.o [80]
      .text              ro code     0x1'c604     0x25e  em_timer.o [20]
      .text              ro code     0x1'c862       0x8  em_core.o [20]
      .text              ro code     0x1'c86a       0x8  em_core.o [20]
      .text              ro code     0x1'c874     0xc18  com.o [54]
      .text              ro code     0x1'd48c      0xe4  em_emu.o [20]
      .text              ro code     0x1'd570      0x6c  em_core.o [20]
      .text              ro code     0x1'd5dc       0x4  em_core.o [20]
      .text              ro code     0x1'd5e0     0x2f8  debug-jtag-efr32.o [15]
      .text              ro code     0x1'd8d8     0x82e  micro.o [17]
      .text              ro code     0x1'e106      0x14  debug-extended-stub.o [66]
      .text              ro code     0x1'e11c     0x844  buffer-management.o [84]
      .text              ro code     0x1'e960     0x294  legacy-packet-buffer.o [84]
      .text              ro code     0x1'ebf4      0x36  strlen.o [80]
      .text              ro code     0x1'ec2c    0x1346  lower-mac-rail-802.15.4.o [84]
      .text              ro code     0x1'ff74     0x40c  ember-printf.o [18]
      .text              ro code     0x2'0380     0x296  bootloader-interface-app.o [30]
      .text              ro code     0x2'0618     0x2e4  ecom-main.o [68]
      .text              ro code     0x2'08fc     0x914  ecom-misc.o [68]
      .text              ro code     0x2'1210     0xdc8  ecom-fsm.o [68]
      .text              ro code     0x2'1fd8     0x2c8  ecom-nwklost.o [68]
      .text              ro code     0x2'22a0     0x470  zigbee-stack.o [84]
      .text              ro code     0x2'2710    0x121e  ecom-interpan.o [68]
      .text              ro code     0x2'392e      0xb6  af-node.o [57]
      .text              ro code     0x2'39e4     0x16c  reporting-default-configuration.o [52]
      .text              ro code     0x2'3b50     0x702  source-route-table.o [83]
      .text              ro code     0x2'4254     0x328  source-route-update.o [83]
      .text              ro code     0x2'457c      0xf8  zigbee-dispatch.o [84]
      .text              ro code     0x2'4674     0xb64  application-support.o [84]
      .text              ro code     0x2'51d8     0xa18  neighbor.o [84]
      .text              ro code     0x2'5bf0      0x32  enhanced-beacon-request-stub.o [85]
      .text              ro code     0x2'5c24     0xa2c  beacon-handling.o [84]
      .text              ro code     0x2'6650     0x40c  child-handling.o [84]
      .text              ro code     0x2'6a5c    0x1c88  network.o [84]
      .text              ro code     0x2'86e4     0xa24  zigbee-device-util.o [84]
      .text              ro code     0x2'9108     0x14c  token-cache.o [84]
      .text              ro code     0x2'9254     0x3b0  management.o [84]
      .text              ro code     0x2'9604     0x492  leave.o [84]
      .text              ro code     0x2'9a98     0x4bc  scan.o [84]
      .text              ro code     0x2'9f54     0x458  random-id.o [84]
      .text              ro code     0x2'a3ac     0xf94  aps-security.o [84]
      .text              ro code     0x2'b340     0x830  child.o [84]
      .text              ro code     0x2'bb70      0x20  strong-random-api.o [56]
      .text              ro code     0x2'bb90     0x352  zigbee-scan.o [84]
      .text              ro code     0x2'bee4       0xe  zdo-r22-stub.o [85]
      .text              ro code     0x2'bef4     0x128  command.o [84]
      .text              ro code     0x2'c01c     0x1fc  child-aging.o [84]
      .text              ro code     0x2'c218       0xc  ember-multi-phy-stub.o [84]
      .text              ro code     0x2'c224       0xc  mac-header.o [84]
      .text              ro code     0x2'c230       0x8  mac-header.o [84]
      .text              ro code     0x2'c238     0x67c  zigbee-packet-header.o [84]
      .text              ro code     0x2'c8b4     0x22e  mac-packet-header.o [84]
      .text              ro code     0x2'cae4     0x614  transient-device.o [84]
      .text              ro code     0x2'd0f8     0x6dc  indirect-queue.o [84]
      .text              ro code     0x2'd7d4     0x32a  retry.o [84]
      .text              ro code     0x2'db00      0x68  memcmp.o [80]
      .text              ro code     0x2'db68     0x69c  trust-center-util.o [84]
      .text              ro code     0x2'e204      0xb0  mac-flat-header.o [84]
      .text              ro code     0x2'e2b4      0x34  mac-info-element-parsing-stub.o [85]
      .text              ro code     0x2'e2e8     0x2f0  mac-dispatch.o [84]
      .text              ro code     0x2'e5d8      0x2a  zll-stubs.o [86]
      .text              ro code     0x2'e604     0x268  zigbee-upper-mac.o [84]
      .text              ro code     0x2'e86c     0x730  aps-keys.o [84]
      .text              ro code     0x2'ef9c      0x14  gp-stub.o [70]
      .text              ro code     0x2'efb0       0x6  ABImemclr.o [80]
      .text              ro code     0x2'efb6       0xa  GroupServer.o [4]
      .text              ro code     0x2'efc0    0x124c  scenes.o [53]
      .text              ro code     0x3'020c    0x1400  ota-client.o [47]
      .text              ro code     0x3'160c    0x1072  call-command-handler.o [2]
      .text              ro code     0x3'2680     0x3e0  zigbee-device-library.o [2]
      .text              ro code     0x3'2a60     0x6ac  service-discovery-common.o [57]
      .text              ro code     0x3'310c      0xa8  af-security-common.o [57]
      .text              ro code     0x3'31b4     0x234  encelium-restart-message.o [28]
      .text              ro code     0x3'33e8     0x1e8  af-trust-center.o [57]
      .text              ro code     0x3'35d0     0x2ac  network-find.o [68]
      .text              ro code     0x3'387c     0xa90  aps-retry.o [84]
      .text              ro code     0x3'430c    0x1ad0  DaliDeviceHandling.o [5]
      .text              ro code     0x3'5ddc     0x752  DaliTelegram.o [5]
      .text              ro code     0x3'652e     0x100  IlluminanceMeasurementServer.o [4]
      .text              ro code     0x3'6630      0x76  IdentifyClient.o [4]
      .text              ro code     0x3'66a8      0x48  FltToDbl.o [75]
      .text              ro code     0x3'66f0     0x17a  DblAdd.o [75]
      .text              ro code     0x3'686c      0x12  math_wrappers64.o [75]
      .text              ro code     0x3'6880     0x1a2  DblMul.o [75]
      .text              ro code     0x3'6a24      0x68  DblToFlt.o [75]
      .text              ro code     0x3'6a8c       0x8  abs.o [67]
      .text              ro code     0x3'6a94      0x22  S32ToDbl.o [75]
      .text              ro code     0x3'6ab8     0x246  DblDiv.o [75]
      .text              ro code     0x3'6d00      0x28  DblToU32.o [75]
      .text              ro code     0x3'6d28     0x882  ColorControlServer.o [4]
      .text              ro code     0x3'75ac      0xdc  OccupancySensingServer.o [4]
      .text              ro code     0x3'7688     0x19e  on-off.o [38]
      .text              ro code     0x3'7828     0x534  diagnostic.o [17]
      .text              ro code     0x3'7d5c     0x154  aes-mmo.o [84]
      .text              ro code     0x3'7eb0     0xfd0  form-and-join.o [68]
      .text              ro code     0x3'8e80      0x1c  em_rmu.o [20]
      .text              ro code     0x3'8e9c      0x40  sprintf.o [67]
      .text              ro code     0x3'8edc     0x3f0  AlarmServer.o [40]
      .text              ro code     0x3'92cc      0x3a  ABImemset48.o [80]
      .text              ro code     0x3'9308      0x8c  multi-network.o [84]
      .text              ro code     0x3'9394     0x3fc  mac-command.o [84]
      .text              ro code     0x3'9790     0x3bc  mac-header.o [84]
      .text              ro code     0x3'9b4c      0x70  faults-v7m.o [17]
      .text              ro code     0x3'9bbc     0x16c  system_efr32mg21.o [20]
      .text              ro code     0x3'9d28     0x242  nvm3_page.o [73]
      .text              ro code     0x3'9f6c     0x1ba  nvm3_object.o [73]
      .text              ro code     0x3'a128     0x274  nvm3_cache.o [73]
      .text              ro code     0x3'a39c      0x3e  nvm3_utils.o [73]
      .text              ro code     0x3'a3dc      0x10  nvm3_lock.o [36]
      .text              ro code     0x3'a3ec      0x10  nvm3_lock.o [36]
      Veneer             ro code     0x3'a3fc       0x8  - Linker created -
      .text              ro code     0x3'a404       0x2  nvm3_lock.o [36]
      .text              ro code     0x3'a406      0x68  flash.o [71]
      .text              ro code     0x3'a46e      0x2e  sl_se_management.o [35]
      .text              ro code     0x3'a49c     0x150  em_se.o [20]
      .text              ro code     0x3'a5ec     0x138  em_rtcc.o [20]
      .text              ro code     0x3'a724       0x2  I64DivZer.o [80]
      .text              ro code     0x3'a726      0x1e  sl_slist.o [32]
      .text              ro code     0x3'a744     0x2a2  sl_power_manager_hal_s2.o [32]
      .text              ro code     0x3'a9e6       0x4  sl_power_manager.o [32]
      .text              ro code     0x3'a9ec    0x138c  uartdrv.o [19]
      .text              ro code     0x3'bd78     0x436  em_usart.o [20]
      .text              ro code     0x3'c1b0     0x43c  em_gpio.o [20]
      .text              ro code     0x3'c5ec       0x2  em_emu.o [20]
      .text              ro code     0x3'c5ee       0x2  em_emu.o [20]
      .text              ro code     0x3'c5f0       0x2  em_emu.o [20]
      .text              ro code     0x3'c5f2       0x2  em_emu.o [20]
      .text              ro code     0x3'c5f4     0x1f4  SEGGER_RTT.o [14]
      .text              ro code     0x3'c7e8      0x34  crc.o [2]
      .text              ro code     0x3'c81c      0x20  em_system.o [20]
      .text              ro code     0x3'c83c     0x178  sl_mpu.o [32]
      .text              ro code     0x3'c9b4     0x106  sl_hfxo_manager.o [33]
      .text              ro code     0x3'cabc     0x128  hal-config.o [32]
      .text              ro code     0x3'cbe4     0x2e8  tempdrv.o [19]
      .text              ro code     0x3'cecc     0x2f8  rail_power_manager.o [74]
      .text              ro code     0x3'd1c4     0x2d4  pa_conversions_efr32.o [34]
      .text              ro code     0x3'd498      0x12  coexistence-802154.o [11]
      .text              ro code     0x3'd4ac      0x12  strcmp.o [80]
      .text              ro code     0x3'd4c0     0x192  buffer-queue.o [84]
      .text              ro code     0x3'd654     0x1f6  rail_singleprotocol.o [74]
      .text              ro code     0x3'd84c     0x4a2  rail_rf.o [74]
      .text              ro code     0x3'dcf0      0xd4  rail_tx.o [74]
      .text              ro code     0x3'ddc4     0x158  rail_ieee802154.o [74]
      .text              ro code     0x3'df1c      0xdc  rail_data.o [74]
      .text              ro code     0x3'dff8      0x96  rail_calibration.o [74]
      .text              ro code     0x3'e08e      0xda  rail_timer.o [74]
      .text              ro code     0x3'e168      0x36  antenna-stub.o [9]
      .text              ro code     0x3'e19e      0xb0  rail_autoack.o [74]
      .text              ro code     0x3'e24e      0x3a  rail_rx.o [74]
      .text              ro code     0x3'e288      0x20  led.o [17]
      .text              ro code     0x3'e2a8      0x1c  rail_rssi.o [74]
      .text              ro code     0x3'e2c4      0x50  btl_interface.o [30]
      .text              ro code     0x3'e314     0x13c  encelium-main.o [26]
      .text              ro code     0x3'e450     0x378  ecom-nwklist.o [68]
      .text              ro code     0x3'e7c8     0x1bc  encelium-commissioning-token.o [21]
      .text              ro code     0x3'e984      0xf2  encelium-radio-control.o [27]
      .text              ro code     0x3'ea78      0x44  ember-library.o [84]
      .text              ro code     0x3'eabc      0x18  eui64.o [84]
      .text              ro code     0x3'ead4      0x12  phy-util.o [84]
      .text              ro code     0x3'eae8     0x108  multi-pan-common.o [78]
      .text              ro code     0x3'ebf0       0x6  cbke-crypto-engine-163k1-stub.o [59]
      .text              ro code     0x3'ebf6       0x6  cbke-crypto-engine-283k1-stub.o [60]
      .text              ro code     0x3'ebfc     0x258  broadcast.o [84]
      .text              ro code     0x3'ee54     0x5d8  route-table.o [84]
      .text              ro code     0x3'f42c       0xe  cbke-crypto-engine-stub.o [64]
      .text              ro code     0x3'f43c      0x54  micro-common-internal.o [71]
      .text              ro code     0x3'f490     0x126  OtaClientPolicy.o [43]
      .text              ro code     0x3'f5b8      0xbc  security-address-cache.o [2]
      .text              ro code     0x3'f674       0x4  cbke-crypto-engine-dsa-sign-stub.o [61]
      .text              ro code     0x3'f678     0x5f6  aps-encryption.o [84]
      .text              ro code     0x3'fc70     0x2a8  packet-validate.o [79]
      .text              ro code     0x3'ff18     0x434  neighbor-exchange.o [84]
      .text              ro code     0x4'034c      0xa0  unicast-table.o [84]
      .text              ro code     0x4'03ec     0x452  crypto.o [84]
      .text              ro code     0x4'0840     0x244  store-forward.o [84]
      .text              ro code     0x4'0a84     0x340  jit.o [84]
      .text              ro code     0x4'0dc4     0x83c  route-discovery.o [84]
      .text              ro code     0x4'1600     0x114  zigbee-mac-header.o [84]
      .text              ro code     0x4'1714     0x19c  route-error.o [84]
      .text              ro code     0x4'18b0     0xb68  zigbee-device.o [84]
      .text              ro code     0x4'2418       0x8  end-device-bind-stub.o [69]
      .text              ro code     0x4'2420      0x6c  install-code-tokens.o [72]
      .text              ro code     0x4'248c      0x1a  aps-keys-full-stub.o [81]
      .text              ro code     0x4'24a8     0x528  aps-keys-transient.o [84]
      .text              ro code     0x4'29d0      0x62  hmac.o [84]
      .text              ro code     0x4'2a34      0x88  aes-efm32.o [84]
      .text              ro code     0x4'2abc       0x2  ember-duty-cycle-stub.o [84]
      .text              ro code     0x4'2ac0       0x2  symbol-timer.o [84]
      .text              ro code     0x4'2ac4      0x22  I64Shl.o [80]
      .text              ro code     0x4'2ae8      0xc8  security-config-mfg.o [84]
      .text              ro code     0x4'2bb0     0x476  ota-storage-simple.o [50]
      .text              ro code     0x4'3028     0x240  ota-client-page-request.o [47]
      .text              ro code     0x4'3268     0x150  ota-common.o [48]
      .text              ro code     0x4'33b8     0x3d8  ota-storage-eeprom-page-erase.o [51]
      .text              ro code     0x4'3790     0x244  ota-storage-common.o [49]
      .text              ro code     0x4'39d4     0x33e  ota-storage-eeprom.o [51]
      .text              ro code     0x4'3d12       0x6  ota-client-signature-verify.o [47]
      .text              ro code     0x4'3d18     0x186  zigbee-device-common.o [2]
      .text              ro code     0x4'3e9e      0x7c  service-discovery-soc.o [57]
      .text              ro code     0x4'3f1c     0x33c  MemoryBank.o [5]
      .text              ro code     0x4'4258     0x2ac  DaliUart.o [6]
      .text              ro code     0x4'4504      0xe2  DblSub.o [75]
      .text              ro code     0x4'45e8     0x314  logx64.o [75]
      .text              ro code     0x4'48fc     0x501  xprintfsmall_nomb.o [67]
      .text              ro code     0x4'4e00      0x2c  em_msc.o [20]
      .text              ro code     0x4'4e2c       0xc  sl_se_manager.o [35]
      .text              ro code     0x4'4e38     0x3bc  sl_hfxo_manager_hal_s2.o [33]
      .text              ro code     0x4'51f4     0x598  dmadrv.o [19]
      .text              ro code     0x4'578c     0x124  gpiointerrupt.o [19]
      .text              ro code     0x4'58b0      0x7c  em_core.o [20]
      .text              ro code     0x4'592c      0x18  strcpy.o [80]
      .text              ro code     0x4'5944       0x4  faults-v7m.o [17]
      .text              ro code     0x4'5948      0x3a  DblToS32.o [75]
      .text              ro code     0x4'5982       0x2  sl_power_manager_debug.o [32]
      .text              ro code     0x4'5984    0x19b8  rail_rf_hal.o [74]
      .text              ro code     0x4'733c      0x28  rfhal_module.o [74]
      .text              ro code     0x4'7364      0x20  rail_assert.o [74]
      .text              ro code     0x4'7384      0xc8  rfhal_antenna.o [74]
      .text              ro code     0x4'744c     0x210  rail_ieee802154_rf_hal.o [74]
      .text              ro code     0x4'765c      0xd4  rfhal_ircal.o [74]
      .text              ro code     0x4'7730     0x2ee  tmrdrv.o [74]
      .text              ro code     0x4'7a20     0xa48  command-interpreter2.o [2]
      .text              ro code     0x4'8468       0x8  eeprom-afv2.o [16]
      .text              ro code     0x4'8470      0x1c  ota-bootload-soc.o [46]
      .text              ro code     0x4'848c     0x2d8  ccm-star.o [10]
      .text              ro code     0x4'8764     0x1cc  zdo-binding-table.o [58]
      .text              ro code     0x4'8930     0x410  zdo-channel.o [84]
      .text              ro code     0x4'8d40     0x178  se_aes.o [35]
      .text              ro code     0x4'8eb8     0x198  eeprom-cli.o [16]
      .text              ro code     0x4'9050      0x12  DaliUart_EM358x.o [7]
      .text              ro code     0x4'9064      0x1a  U32ToDbl.o [75]
      .text              ro code     0x4'9080      0x70  frexp.o [75]
      .text              ro code     0x4'90f0      0x2e  DblCmpLe.o [75]
      .text              ro code     0x4'9120      0x16  strchr.o [80]
      .text              ro code     0x4'9138      0x40  xfail_s.o [67]
      .text              ro code     0x4'9178      0x58  memchr.o [80]
      .text              ro code     0x4'91d0     0x394  em_ldma.o [20]
      .text              ro code     0x4'9564     0x650  rfhal_radio.o [74]
      .text              ro code     0x4'9bb4     0x270  rfhal_timings.o [74]
      .text              ro code     0x4'9e24      0x12  rail_ble_rf_hal.o [74]
      .text              ro code     0x4'9e38    0x1100  generic_phy.o [74]
      .text              ro code     0x4'af38     0x768  rfhal_pa.o [74]
      .text              ro code     0x4'b6a0     0x670  rfhal_bufc.o [74]
      .text              ro code     0x4'bd10     0x56e  rfhal_protimer.o [74]
      .text              ro code     0x4'c280      0x34  rfhal_tempcal.o [74]
      .text              ro code     0x4'c2b4     0x4a0  rfhal_synth.o [74]
      .text              ro code     0x4'c754     0x124  rfhal_rand.o [74]
      .text              ro code     0x4'c878     0x168  rfhal_rtccsync.o [74]
      .text              ro code     0x4'c9e0      0x28  tmrdrv_config.o [74]
      .text              ro code     0x4'ca08     0x628  core-cli.o [57]
      .text              ro code     0x4'd030       0x6  abort.o [67]
      .text              ro code     0x4'd038      0x54  seq_globals.o [74]
      .text              ro code     0x4'd08c       0x4  rail_mfm_rf_hal.o [74]
      .text              ro code     0x4'd090      0xf8  rfhal_pti.o [74]
      .text              ro code     0x4'd188      0x18  rfhal_rtccsync.o [74]
      .text              ro code     0x4'd1a0       0xc  XXexit.o [80]
      .text              ro code     0x4'd1ac     0x408  network-cli.o [57]
      .text              ro code     0x4'd5b4     0x354  option-cli.o [57]
      .text              ro code     0x4'd908     0x3e8  security-cli.o [57]
      .text              ro code     0x4'dcf0     0xf70  zcl-cli.o [57]
      .text              ro code     0x4'ec60     0x6fc  zdo-cli.o [57]
      .text              ro code     0x4'f35c     0x136  reporting-cli.o [52]
      .text              ro code     0x4'f494     0x1a0  ota-storage-common-cli.o [49]
      .text              ro code     0x4'f634      0xe0  ota-client-cli.o [47]
      .text              ro code     0x4'f714      0x30  ota-bootload-cli.o [46]
      .text              ro code     0x4'f744      0xa8  bootloader-interface.o [30]
      Veneer             ro code     0x4'f7ec       0x8  - Linker created -
      .text              ro code     0x4'f7f4     0x16c  nvm3_hal_flash.o [37]
      .text              ro code     0x4'f960      0x68  groups-server-cli.o [31]
      .text              ro code     0x4'f9c8       0x4  faults-v7m.o [17]
      .text              ro code     0x4'f9cc       0x4  faults-v7m.o [17]
      .text              ro code     0x4'f9d0       0x4  faults-v7m.o [17]
      .text              ro code     0x4'f9d4       0x4  faults-v7m.o [17]
      .text              ro code     0x4'f9d8       0x4  faults-v7m.o [17]
      .text              ro code     0x4'f9dc       0x4  isr-stubs.o [17]
      .text              ro code     0x4'f9e0     0x12c  counters-cli.o [13]
      .text              ro code     0x4'fb0c     0x188  concentrator-support-cli.o [12]
      .text              ro code     0x4'fc94      0xc8  library.o [2]
      .text              ro code     0x4'fd5c      0xb4  ecom-cli.o [68]
      .text              ro code     0x4'fe10      0x1c  cstartup_M.o [80]
      .text              ro code     0x4'fe2c      0x22  fpinit_M.o [75]
      .text              ro code     0x4'fe50      0x1e  cmain.o [80]
      .text              ro code     0x4'fe6e       0x4  low_level_init.o [67]
      .text              ro code     0x4'fe74      0x28  data_init.o [80]
      .text              ro code     0x4'fe9c       0x4  exit.o [67]
      .text              ro code     0x4'fea0       0xa  cexit.o [80]
      .text              ro code     0x4'feaa      0xda  TimeServer.o [45]
      .text              ro code     0x4'ff84      0x14  encelium-interpan-cli.o [25]
      .text              ro code     0x4'ff98      0x78  encelium-interface-cli.o [24]
      .text              ro code     0x5'0010      0x46  znet-cli.o [2]
      .text              ro code     0x5'0056       0xe  startup_efr32mg21.o [71]
      .text              ro code     0x5'0064      0x78  lz77_init_single.o [80]
    .rodata              const       0x5'00dc      0x20  af-event.o [57]
    .rodata              const       0x5'00fc      0x20  af-event.o [57]
    .rodata              const       0x5'011c      0x20  af-event.o [57]
    .rodata              const       0x5'013c      0x20  af-event.o [57]
    .rodata              const       0x5'015c      0x20  af-event.o [57]
    .rodata              const       0x5'017c      0x1c  af-event.o [57]
    .rodata              const       0x5'0198      0x30  af-event.o [57]
    .rodata              const       0x5'01c8      0x20  af-event.o [57]
    .rodata              const       0x5'01e8      0x20  af-event.o [57]
    .rodata              const       0x5'0208      0x1c  af-event.o [57]
    .rodata              const       0x5'0224      0x20  af-event.o [57]
    .rodata              const       0x5'0244      0x1c  af-event.o [57]
    .rodata              const       0x5'0260      0x20  af-event.o [57]
    .rodata              const       0x5'0280      0x1c  af-event.o [57]
    .rodata              const       0x5'029c      0x28  af-event.o [57]
    .rodata              const       0x5'02c4      0x20  af-event.o [57]
    .rodata              const       0x5'02e4      0x1c  af-event.o [57]
    .rodata              const       0x5'0300      0x2c  af-event.o [57]
    .rodata              const       0x5'032c      0x30  af-event.o [57]
    .rodata              const       0x5'035c      0x24  af-event.o [57]
    .rodata              const       0x5'0380      0x30  af-event.o [57]
    .rodata              const       0x5'03b0      0x28  af-event.o [57]
    .rodata              const       0x5'03d8      0x24  af-event.o [57]
    .rodata              const       0x5'03fc      0x28  af-event.o [57]
    .rodata              const       0x5'0424      0x24  af-event.o [57]
    .rodata              const       0x5'0448      0x34  af-event.o [57]
    .rodata              const       0x5'047c      0x18  af-event.o [57]
    .rodata              const       0x5'0494      0x20  af-event.o [57]
    .rodata              const       0x5'04b4       0xc  af-main-common.o [57]
    .rodata              const       0x5'04c0       0x8  af-main-common.o [57]
    .rodata              const       0x5'04c8       0x8  af-main-common.o [57]
    .rodata              const       0x5'04d0       0x8  af-main-common.o [57]
    .rodata              const       0x5'04d8       0x8  af-main-common.o [57]
    .rodata              const       0x5'04e0       0x8  af-main-common.o [57]
    .rodata              const       0x5'04e8       0x8  af-main-common.o [57]
    .rodata              const       0x5'04f0       0x4  af-main-common.o [57]
    .rodata              const       0x5'04f4       0x8  af-main-common.o [57]
    .rodata              const       0x5'04fc       0x8  af-main-common.o [57]
    .rodata              const       0x5'0504      0x10  af-main-common.o [57]
    .rodata              const       0x5'0514       0x8  af-main-common.o [57]
    .rodata              const       0x5'051c       0x4  af-main-common.o [57]
    .rodata              const       0x5'0520      0x18  af-main-common.o [57]
    .rodata              const       0x5'0538      0x28  af-main-common.o [57]
    .rodata              const       0x5'0560      0x14  af-main-common.o [57]
    .rodata              const       0x5'0574       0x8  af-main-common.o [57]
    .rodata              const       0x5'057c       0x8  af-main-common.o [57]
    .rodata              const       0x5'0584      0x10  af-main-common.o [57]
    .rodata              const       0x5'0594      0x28  af-main-common.o [57]
    .rodata              const       0x5'05bc      0x18  af-main-common.o [57]
    .rodata              const       0x5'05d4      0x1c  af-main-common.o [57]
    .rodata              const       0x5'05f0      0x24  af-main-common.o [57]
    .rodata              const       0x5'0614       0x8  af-main-common.o [57]
    .rodata              const       0x5'061c      0x14  af-main-common.o [57]
    .rodata              const       0x5'0630      0x34  af-main-common.o [57]
    .rodata              const       0x5'0664      0x30  af-main-common.o [57]
    .rodata              const       0x5'0694      0x14  af-main-common.o [57]
    .rodata              const       0x5'06a8       0x8  af-main-common.o [57]
    .rodata              const       0x5'06b0       0x8  af-main-common.o [57]
    .rodata              const       0x5'06b8       0xc  af-main-common.o [57]
    .rodata              const       0x5'06c4       0x8  af-main-common.o [57]
    .rodata              const       0x5'06cc      0x10  af-main-common.o [57]
    .rodata              const       0x5'06dc       0x8  af-main-common.o [57]
    .rodata              const       0x5'06e4       0xc  af-main-common.o [57]
    .rodata              const       0x5'06f0      0x20  af-main-common.o [57]
    .rodata              const       0x5'0710       0xc  af-main-common.o [57]
    .rodata              const       0x5'071c       0xc  af-main-common.o [57]
    .rodata              const       0x5'0728       0x8  af-main-common.o [57]
    .rodata              const       0x5'0730      0x20  af-main-common.o [57]
    .rodata              const       0x5'0750      0x18  af-main-common.o [57]
    .rodata              const       0x5'0768      0x18  af-main-common.o [57]
    .rodata              const       0x5'0780      0x30  af-main-common.o [57]
    .rodata              const       0x5'07b0      0x14  af-main-common.o [57]
    .rodata              const       0x5'07c4      0x18  af-main-common.o [57]
    .rodata              const       0x5'07dc      0x14  af-main-common.o [57]
    .rodata              const       0x5'07f0      0x1c  af-main-common.o [57]
    .rodata              const       0x5'080c       0x8  af-main-common.o [57]
    .rodata              const       0x5'0814       0x8  af-main-common.o [57]
    .rodata              const       0x5'081c      0x18  af-main-common.o [57]
    .rodata              const       0x5'0834      0x10  af-main-common.o [57]
    .rodata              const       0x5'0844      0x10  af-main-common.o [57]
    .rodata              const       0x5'0854      0x48  af-main-common.o [57]
    .rodata              const       0x5'089c      0x18  af-main-soc.o [57]
    .rodata              const       0x5'08b4      0x20  af-main-soc.o [57]
    .rodata              const       0x5'08d4       0x8  af-main-soc.o [57]
    .rodata              const       0x5'08dc       0xc  af-main-soc.o [57]
    .rodata              const       0x5'08e8       0xc  af-main-soc.o [57]
    .rodata              const       0x5'08f4      0x18  af-main-soc.o [57]
    .rodata              const       0x5'090c      0x18  af-main-soc.o [57]
    .rodata              const       0x5'0924      0x2c  af-main-soc.o [57]
    .rodata              const       0x5'0950      0x1c  af-security-common.o [57]
    .rodata              const       0x5'096c      0x10  af-security-common.o [57]
    .rodata              const       0x5'097c      0x30  attribute-size.o [57]
    .rodata              const       0x5'09ac       0x8  attribute-storage.o [57]
    .rodata              const       0x5'09b4      0x10  attribute-storage.o [57]
    .rodata              const       0x5'09c4      0x10  attribute-storage.o [57]
    .rodata              const       0x5'09d4       0x8  attribute-storage.o [57]
    .rodata              const       0x5'09dc       0x8  attribute-storage.o [57]
    .rodata              const       0x5'09e4      0x30  attribute-storage.o [57]
    .rodata              const       0x5'0a14      0x90  attribute-storage.o [57]
    .rodata              const       0x5'0aa4       0x4  attribute-storage.o [57]
    .rodata              const       0x5'0aa8       0x8  attribute-storage.o [57]
    .rodata              const       0x5'0ab0       0x4  attribute-storage.o [57]
    .rodata              const       0x5'0ab4       0x4  attribute-storage.o [57]
    .rodata              const       0x5'0ab8       0x8  attribute-storage.o [57]
    .rodata              const       0x5'0ac0       0x8  attribute-storage.o [57]
    .rodata              const       0x5'0ac8       0x8  attribute-storage.o [57]
    .rodata              const       0x5'0ad0       0x4  attribute-storage.o [57]
    .rodata              const       0x5'0ad4       0x4  attribute-storage.o [57]
    .rodata              const       0x5'0ad8       0x4  attribute-storage.o [57]
    .rodata              const       0x5'0adc       0x4  attribute-storage.o [57]
    .rodata              const       0x5'0ae0       0x4  attribute-storage.o [57]
    .rodata              const       0x5'0ae4       0x4  attribute-storage.o [57]
    .rodata              const       0x5'0ae8       0x8  attribute-storage.o [57]
    .rodata              const       0x5'0af0     0x128  attribute-storage.o [57]
    .rodata              const       0x5'0c18      0x3c  attribute-storage.o [57]
    .rodata              const       0x5'0c54     0x750  attribute-storage.o [57]
    .rodata              const       0x5'13a4     0x320  attribute-storage.o [57]
    .rodata              const       0x5'16c4      0x30  attribute-storage.o [57]
    .rodata              const       0x5'16f4      0x10  attribute-storage.o [57]
    .rodata              const       0x5'1704      0x58  attribute-storage.o [57]
    .rodata              const       0x5'175c      0x28  client-api.o [57]
    .rodata              const       0x5'1784      0x1c  client-api.o [57]
    .rodata              const       0x5'17a0      0x34  client-api.o [57]
    .rodata              const       0x5'17d4      0x30  client-api.o [57]
    .rodata              const       0x5'1804       0x4  client-api.o [57]
    .rodata              const       0x5'1808       0x4  client-api.o [57]
    .rodata              const       0x5'180c      0x10  core-cli.o [57]
    .rodata              const       0x5'181c      0x10  core-cli.o [57]
    .rodata              const       0x5'182c      0x1c  core-cli.o [57]
    .rodata              const       0x5'1848       0x8  core-cli.o [57]
    .rodata              const       0x5'1850      0x18  core-cli.o [57]
    .rodata              const       0x5'1868      0x18  core-cli.o [57]
    .rodata              const       0x5'1880       0x8  core-cli.o [57]
    .rodata              const       0x5'1888      0x20  core-cli.o [57]
    .rodata              const       0x5'18a8       0xc  core-cli.o [57]
    .rodata              const       0x5'18b4       0xc  core-cli.o [57]
    .rodata              const       0x5'18c0      0x20  core-cli.o [57]
    .rodata              const       0x5'18e0       0xc  core-cli.o [57]
    .rodata              const       0x5'18ec      0x24  core-cli.o [57]
    .rodata              const       0x5'1910       0xc  core-cli.o [57]
    .rodata              const       0x5'191c       0x8  core-cli.o [57]
    .rodata              const       0x5'1924       0x8  core-cli.o [57]
    .rodata              const       0x5'192c      0x10  core-cli.o [57]
    .rodata              const       0x5'193c       0xc  core-cli.o [57]
    .rodata              const       0x5'1948      0x14  core-cli.o [57]
    .rodata              const       0x5'195c       0xc  core-cli.o [57]
    .rodata              const       0x5'1968      0x20  core-cli.o [57]
    .rodata              const       0x5'1988       0x8  core-cli.o [57]
    .rodata              const       0x5'1990       0xc  core-cli.o [57]
    .rodata              const       0x5'199c      0x34  core-cli.o [57]
    .rodata              const       0x5'19d0      0x18  core-cli.o [57]
    .rodata              const       0x5'19e8       0xc  core-cli.o [57]
    .rodata              const       0x5'19f4       0xc  core-cli.o [57]
    .rodata              const       0x5'1a00      0x10  core-cli.o [57]
    .rodata              const       0x5'1a10       0xc  core-cli.o [57]
    .rodata              const       0x5'1a1c       0xc  core-cli.o [57]
    .rodata              const       0x5'1a28      0x14  core-cli.o [57]
    .rodata              const       0x5'1a3c      0x1c  core-cli.o [57]
    .rodata              const       0x5'1a58       0x8  core-cli.o [57]
    .rodata              const       0x5'1a60       0xc  core-cli.o [57]
    .rodata              const       0x5'1a6c       0x8  core-cli.o [57]
    .rodata              const       0x5'1a74      0x20  core-cli.o [57]
    .rodata              const       0x5'1a94       0x8  core-cli.o [57]
    .rodata              const       0x5'1a9c      0x10  core-cli.o [57]
    .rodata              const       0x5'1aac      0x10  core-cli.o [57]
    .rodata              const       0x5'1abc       0x8  core-cli.o [57]
    .rodata              const       0x5'1ac4       0xc  core-cli.o [57]
    .rodata              const       0x5'1ad0       0x8  core-cli.o [57]
    .rodata              const       0x5'1ad8       0xc  core-cli.o [57]
    .rodata              const       0x5'1ae4      0x1c  core-cli.o [57]
    .rodata              const       0x5'1b00       0x4  core-cli.o [57]
    .rodata              const       0x5'1b04      0x18  message.o [57]
    .rodata              const       0x5'1b1c      0x10  message.o [57]
    .rodata              const       0x5'1b2c      0x14  message.o [57]
    .rodata              const       0x5'1b40      0x10  message.o [57]
    .rodata              const       0x5'1b50       0x8  network-cli.o [57]
    .rodata              const       0x5'1b58       0x8  network-cli.o [57]
    .rodata              const       0x5'1b60       0x8  network-cli.o [57]
    .rodata              const       0x5'1b68      0x18  network-cli.o [57]
    .rodata              const       0x5'1b80       0x8  network-cli.o [57]
    .rodata              const       0x5'1b88      0x10  network-cli.o [57]
    .rodata              const       0x5'1b98       0x8  network-cli.o [57]
    .rodata              const       0x5'1ba0      0x14  network-cli.o [57]
    .rodata              const       0x5'1bb4       0xc  network-cli.o [57]
    .rodata              const       0x5'1bc0      0x14  network-cli.o [57]
    .rodata              const       0x5'1bd4      0x14  network-cli.o [57]
    .rodata              const       0x5'1be8      0x20  network-cli.o [57]
    .rodata              const       0x5'1c08      0x1c  network-cli.o [57]
    .rodata              const       0x5'1c24      0x18  network-cli.o [57]
    .rodata              const       0x5'1c3c      0x1c  network-cli.o [57]
    .rodata              const       0x5'1c58      0x10  network-cli.o [57]
    .rodata              const       0x5'1c68      0x1c  network-cli.o [57]
    .rodata              const       0x5'1c84      0x18  network-cli.o [57]
    .rodata              const       0x5'1c9c       0x8  network-cli.o [57]
    .rodata              const       0x5'1ca4      0x14  network-cli.o [57]
    .rodata              const       0x5'1cb8      0x14  network-cli.o [57]
    .rodata              const       0x5'1ccc       0x8  network-cli.o [57]
    .rodata              const       0x5'1cd4      0x1c  network-cli.o [57]
    .rodata              const       0x5'1cf0      0x20  network-cli.o [57]
    .rodata              const       0x5'1d10      0x30  network-cli.o [57]
    .rodata              const       0x5'1d40      0x30  network-cli.o [57]
    .rodata              const       0x5'1d70      0x1c  option-cli.o [57]
    .rodata              const       0x5'1d8c       0xc  option-cli.o [57]
    .rodata              const       0x5'1d98      0x1c  option-cli.o [57]
    .rodata              const       0x5'1db4      0x18  option-cli.o [57]
    .rodata              const       0x5'1dcc      0x14  option-cli.o [57]
    .rodata              const       0x5'1de0       0xc  option-cli.o [57]
    .rodata              const       0x5'1dec       0x8  option-cli.o [57]
    .rodata              const       0x5'1df4       0x8  option-cli.o [57]
    .rodata              const       0x5'1dfc       0x8  option-cli.o [57]
    .rodata              const       0x5'1e04       0x8  option-cli.o [57]
    .rodata              const       0x5'1e0c       0x8  option-cli.o [57]
    .rodata              const       0x5'1e14       0x8  option-cli.o [57]
    .rodata              const       0x5'1e1c       0x8  option-cli.o [57]
    .rodata              const       0x5'1e24      0x30  option-cli.o [57]
    .rodata              const       0x5'1e54       0x8  option-cli.o [57]
    .rodata              const       0x5'1e5c      0x24  option-cli.o [57]
    .rodata              const       0x5'1e80      0x20  option-cli.o [57]
    .rodata              const       0x5'1ea0      0x18  option-cli.o [57]
    .rodata              const       0x5'1eb8      0x10  option-cli.o [57]
    .rodata              const       0x5'1ec8      0x40  option-cli.o [57]
    .rodata              const       0x5'1f08      0x14  option-cli.o [57]
    .rodata              const       0x5'1f1c      0x14  option-cli.o [57]
    .rodata              const       0x5'1f30      0x18  print-formatter.o [57]
    .rodata              const       0x5'1f48       0x8  print.o [57]
    .rodata              const       0x5'1f50       0x8  print.o [57]
    .rodata              const       0x5'1f58       0xc  print.o [57]
    .rodata              const       0x5'1f64      0x1c  print.o [57]
    .rodata              const       0x5'1f80      0x10  print.o [57]
    .rodata              const       0x5'1f90       0x4  print.o [57]
    .rodata              const       0x5'1f94       0x4  print.o [57]
    .rodata              const       0x5'1f98      0x2c  process-cluster-message.o [57]
    .rodata              const       0x5'1fc4       0x8  process-cluster-message.o [57]
    .rodata              const       0x5'1fcc       0xc  process-global-message.o [57]
    .rodata              const       0x5'1fd8      0x1c  process-global-message.o [57]
    .rodata              const       0x5'1ff4       0x8  process-global-message.o [57]
    .rodata              const       0x5'1ffc      0x18  process-global-message.o [57]
    .rodata              const       0x5'2014      0x18  security-cli.o [57]
    .rodata              const       0x5'202c       0x8  security-cli.o [57]
    .rodata              const       0x5'2034       0x8  security-cli.o [57]
    .rodata              const       0x5'203c      0x38  security-cli.o [57]
    .rodata              const       0x5'2074      0x10  security-cli.o [57]
    .rodata              const       0x5'2084       0x8  security-cli.o [57]
    .rodata              const       0x5'208c      0x14  security-cli.o [57]
    .rodata              const       0x5'20a0       0x8  security-cli.o [57]
    .rodata              const       0x5'20a8       0xc  security-cli.o [57]
    .rodata              const       0x5'20b4       0x8  security-cli.o [57]
    .rodata              const       0x5'20bc       0xc  security-cli.o [57]
    .rodata              const       0x5'20c8      0x14  security-cli.o [57]
    .rodata              const       0x5'20dc      0x10  security-cli.o [57]
    .rodata              const       0x5'20ec      0x28  security-cli.o [57]
    .rodata              const       0x5'2114      0x38  security-cli.o [57]
    .rodata              const       0x5'214c       0x8  security-cli.o [57]
    .rodata              const       0x5'2154       0x8  security-cli.o [57]
    .rodata              const       0x5'215c       0x8  security-cli.o [57]
    .rodata              const       0x5'2164      0x10  security-cli.o [57]
    .rodata              const       0x5'2174      0x48  security-cli.o [57]
    .rodata              const       0x5'21bc       0xc  security-cli.o [57]
    .rodata              const       0x5'21c8       0x8  security-cli.o [57]
    .rodata              const       0x5'21d0       0xc  security-cli.o [57]
    .rodata              const       0x5'21dc      0x44  security-cli.o [57]
    .rodata              const       0x5'2220       0x8  security-cli.o [57]
    .rodata              const       0x5'2228       0xc  security-cli.o [57]
    .rodata              const       0x5'2234      0x50  security-cli.o [57]
    .rodata              const       0x5'2284      0x24  time-util.o [57]
    .rodata              const       0x5'22a8       0xc  time-util.o [57]
    .rodata              const       0x5'22b4       0x8  util.o [57]
    .rodata              const       0x5'22bc       0xc  util.o [57]
    .rodata              const       0x5'22c8       0x8  util.o [57]
    .rodata              const       0x5'22d0       0x8  util.o [57]
    .rodata              const       0x5'22d8       0x8  util.o [57]
    .rodata              const       0x5'22e0      0x10  util.o [57]
    .rodata              const       0x5'22f0       0x8  util.o [57]
    .rodata              const       0x5'22f8       0x8  util.o [57]
    .rodata              const       0x5'2300      0x10  util.o [57]
    .rodata              const       0x5'2310      0x1c  util.o [57]
    .rodata              const       0x5'232c      0x10  util.o [57]
    .rodata              const       0x5'233c      0x18  util.o [57]
    .rodata              const       0x5'2354      0x18  util.o [57]
    .rodata              const       0x5'236c      0x14  util.o [57]
    .rodata              const       0x5'2380      0x18  util.o [57]
    .rodata              const       0x5'2398       0xc  util.o [57]
    .rodata              const       0x5'23a4      0x1c  util.o [57]
    .rodata              const       0x5'23c0      0x18  util.o [57]
    .rodata              const       0x5'23d8      0x1c  util.o [57]
    .rodata              const       0x5'23f4      0x18  util.o [57]
    .rodata              const       0x5'240c       0x8  util.o [57]
    .rodata              const       0x5'2414       0x8  util.o [57]
    .rodata              const       0x5'241c      0x20  util.o [57]
    .rodata              const       0x5'243c       0xc  util.o [57]
    .rodata              const       0x5'2448      0x20  util.o [57]
    .rodata              const       0x5'2468      0x20  util.o [57]
    .rodata              const       0x5'2488      0x1c  util.o [57]
    .rodata              const       0x5'24a4       0x8  util.o [57]
    .rodata              const       0x5'24ac      0x28  util.o [57]
    .rodata              const       0x5'24d4       0x8  util.o [57]
    .rodata              const       0x5'24dc       0x8  util.o [57]
    .rodata              const       0x5'24e4       0x8  util.o [57]
    .rodata              const       0x5'24ec       0x8  util.o [57]
    .rodata              const       0x5'24f4      0x1c  util.o [57]
    .rodata              const       0x5'2510       0x8  util.o [57]
    .rodata              const       0x5'2518      0x1c  util.o [57]
    .rodata              const       0x5'2534      0x28  util.o [57]
    .rodata              const       0x5'255c      0x28  util.o [57]
    .rodata              const       0x5'2584       0x8  util.o [57]
    .rodata              const       0x5'258c      0x28  util.o [57]
    .rodata              const       0x5'25b4      0x1c  util.o [57]
    .rodata              const       0x5'25d0       0x8  util.o [57]
    .rodata              const       0x5'25d8      0x10  util.o [57]
    .rodata              const       0x5'25e8      0x10  util.o [57]
    .rodata              const       0x5'25f8      0xa0  util.o [57]
    .rodata              zero        0x5'2698      0x20  util.o [57]
    .rodata              const       0x5'26b8      0x14  util.o [57]
    .rodata              const       0x5'26cc      0x24  zcl-cli.o [57]
    .rodata              const       0x5'26f0       0xc  zcl-cli.o [57]
    .rodata              const       0x5'26fc      0x44  zcl-cli.o [57]
    .rodata              const       0x5'2740      0x28  zcl-cli.o [57]
    .rodata              const       0x5'2768      0x34  zcl-cli.o [57]
    .rodata              const       0x5'279c      0x30  zcl-cli.o [57]
    .rodata              const       0x5'27cc      0x5c  zcl-cli.o [57]
    .rodata              const       0x5'2828       0x8  zcl-cli.o [57]
    .rodata              const       0x5'2830      0x28  zcl-cli.o [57]
    .rodata              const       0x5'2858      0x1c  zcl-cli.o [57]
    .rodata              const       0x5'2874      0x10  zcl-cli.o [57]
    .rodata              const       0x5'2884      0x10  zcl-cli.o [57]
    .rodata              const       0x5'2894      0x10  zcl-cli.o [57]
    .rodata              const       0x5'28a4      0x14  zcl-cli.o [57]
    .rodata              const       0x5'28b8      0x1c  zcl-cli.o [57]
    .rodata              const       0x5'28d4      0x14  zcl-cli.o [57]
    .rodata              const       0x5'28e8      0x10  zcl-cli.o [57]
    .rodata              const       0x5'28f8       0x8  zcl-cli.o [57]
    .rodata              const       0x5'2900       0x8  zcl-cli.o [57]
    .rodata              const       0x5'2908      0x14  zcl-cli.o [57]
    .rodata              const       0x5'291c      0x10  zcl-cli.o [57]
    .rodata              const       0x5'292c      0x24  zcl-cli.o [57]
    .rodata              const       0x5'2950       0x8  zcl-cli.o [57]
    .rodata              const       0x5'2958       0xc  zcl-cli.o [57]
    .rodata              const       0x5'2964      0x10  zcl-cli.o [57]
    .rodata              const       0x5'2974       0x8  zcl-cli.o [57]
    .rodata              const       0x5'297c       0x8  zcl-cli.o [57]
    .rodata              const       0x5'2984      0x18  zcl-cli.o [57]
    .rodata              const       0x5'299c      0x18  zcl-cli.o [57]
    .rodata              const       0x5'29b4       0x8  zcl-cli.o [57]
    .rodata              const       0x5'29bc      0x18  zcl-cli.o [57]
    .rodata              const       0x5'29d4       0x8  zcl-cli.o [57]
    .rodata              const       0x5'29dc      0x18  zdo-cli.o [57]
[...]
tryTxCurrentPacket         0x1'fe49    0x60  Code  Lc  lower-mac-rail-802.15.4.o [84]
tunnelSeqNum            0x2000'ff0e     0x1  Data  Lc  ecom-interpan.o [68]
txBuffer                   0x1'cae9    0x66  Code  Lc  com.o [54]
txCallback                 0x1'cd81    0x58  Code  Lc  com.o [54]
txCatchUp                  0x1'cd03    0x7c  Code  Lc  com.o [54]
txCompleteStatusPending
                        0x2000'cc22     0x1  Data  Lc  lower-mac-rail-802.15.4.o [84]
txCompleted                0x1'fc09    0x1a  Code  Lc  lower-mac-rail-802.15.4.o [84]
txCurrentPacket            0x1'fac5   0x13e  Code  Lc  lower-mac-rail-802.15.4.o [84]
txFailedCallback           0x1'f303    0x70  Code  Lc  lower-mac-rail-802.15.4.o [84]
txSchedulerInfo         0x2000'cc24     0xc  Data  Lc  lower-mac-rail-802.15.4.o [84]
tx_complete_callback       0x2'9ab3    0x46  Code  Lc  scan.o [84]
typeSensitiveMemCopy         0x5b35    0xae  Code  Lc  attribute-storage.o [57]
u8MsgSequenceNum        0x2000'ff0f     0x1  Data  Lc  ecom-interpan.o [68]
uartdrvHandle           0x2000'ee68    0x10  Data  Lc  uartdrv.o [19]
uartdrvHandleIsInitialized
                        0x2000'fed8     0x1  Data  Lc  uartdrv.o [19]
uarthandledata          0x2000'dd28    0x58  Data  Lc  com.o [54]
unSetKey                   0x5'096c    0x10  Data  Lc  af-security-common.o [57]
unbindRequest              0x4'f0c9    0xc2  Code  Lc  zdo-cli.o [57]
unhandledEvent          0x2000'fecd     0x1  Data  Lc  encelium-sw-timer.o [29]
unicastHead             0x2000'ff15     0x1  Data  Lc  unicast-table.o [84]
uninitializedIsr           0x4'f9d9          Code  Gb  faults-v7m.o [17]
unknownCounter          0x2000'c990     0x4  Data  Gb  counters-cli.o [13]
unsolicitedChannelReport
                        0x2000'fb42     0x1  Data  Lc  zdo-channel.o [84]
unusedOriginalChannelMaskCache
                        0x2000'f8d8     0x4  Data  Lc  zigbee-scan.o [84]
unusedPanIdCache        0x2000'f8c8     0x2  Data  Lc  zigbee-scan.o [84]
updateBuffer               0x1'caa3    0x46  Code  Lc  com.o [54]
updateCurrentImageAttributes
                           0x3'020d    0x32  Code  Lc  ota-client.o [47]
updateCurrentOffset        0x3'046b    0x20  Code  Lc  ota-client.o [47]
updateDownloadFileVersion
                           0x3'048b     0x8  Code  Lc  ota-client.o [47]
updateDownloadedZigbeeStackVersionAttribute
                           0x3'1547     0x2  Code  Lc  ota-client.o [47]
updateEvents               0x1'ec91    0x54  Code  Lc  lower-mac-rail-802.15.4.o [84]
updateImageTypeIdAttribute
                           0x3'1549    0x1c  Code  Lc  ota-client.o [47]
updateInterrupts           0x3'ccf1    0xd4  Code  Lc  tempdrv.o [19]
updateMinBlockRequestPeriodAttribute
                           0x3'023f     0x8  Code  Lc  ota-client.o [47]
updateTcLinkKeyState    0x2000'ff09     0x1  Data  Lc  aps-keys.o [84]
updateTimers                 0xc539   0x11e  Code  Lc  encelium-sw-timer.o [29]
update_delta_list            0xaa67    0x3a  Code  Lc  sl_sleeptimer.o [19]
update_em1_requirement     0x1'c433    0x66  Code  Lc  sl_power_manager.o [32]
update_next_timer_to_expire_is_power_manager
                             0xab2d    0x2a  Code  Lc  sl_sleeptimer.o [19]
upgradeEndResponseParse
                           0x3'13bd   0x146  Code  Lc  ota-client.o [47]
useLegacyTimeoutMethod  0x2000'ff07     0x1  Data  Gb  child-handling.o [84]
useMulticastBinding     0x2000'fea7     0x1  Data  Lc  zcl-cli.o [57]
useNextSequence         0x2000'fea5     0x1  Data  Lc  zcl-cli.o [57]
usePageRequest          0x2000'cfbe     0x1  Data  Lc  ota-client.o [47]
userData                0x2000'f6c4     0x4  Data  Lc  buffer-management.o [84]
userDataCount           0x2000'f6b2     0x2  Data  Lc  buffer-management.o [84]
vFillBuffer                  0xb579   0x2a8  Code  Lc  client-api.o [57]
validateObj                0x1'a469    0x26  Code  Lc  nvm3.o [73]
validateObjFragments       0x1'a237   0x232  Code  Lc  nvm3.o [73]
verifyMainBootloaderVersion
                           0x2'0385    0x36  Code  Lc  bootloader-interface-app.o [30]
waitStateMax               0x1'9809     0xe  Code  Lc  em_cmu.o [20]
waitTicks               0x2000'f524     0x4  Data  Gb  ZigbeeHaLightEndDevice_callbacks.o [2]
waitingForBeaconResponses
                        0x2000'ce4e     0x1  Data  Lc  ecom-interpan.o [68]
waitingForResponse      0x2000'feb5     0x1  Data  Lc  ota-client.o [47]
waiting_clock_restore_from_em
                        0x2000'fec1     0x1  Data  Lc  sl_power_manager.o [32]
wakeInfo                0x2000'ee90     0x4  Data  Lc  sleep-efm32.o [17]
wakeup_time_config_overhead_tick
                        0x2000'e748     0x4  Data  Gb  sl_power_manager.o [32]
walkDelayQueue             0x2'd7f9    0xd2  Code  Lc  retry.o [84]
walkStoreAndForwardQueue
                           0x4'0885   0x110  Code  Lc  store-forward.o [84]
watchdogDisableInSleep  0x2000'fedb     0x1  Data  Lc  sleep-efm32.o [17]
wdog0ClkGet                0x1'9817    0x5c  Code  Lc  em_cmu.o [20]
wdog1ClkGet                0x1'8d9f    0x5e  Code  Lc  em_cmu.o [20]
wordSize                0x2000'fede     0x1  Data  Lc  eeprom.o [16]
workBegin                  0x1'b0cf    0x16  Code  Lc  nvm3.o [73]
workEnd                    0x1'b0e5    0x14  Code  Lc  nvm3.o [73]
wrappedAround           0x2000'cb21     0x1  Data  Lc  form-and-join.o [68]
writeBurst              0x2000'c38f    0x80  Code  Gb  em_msc.o [20]
writeColorMode             0x3'6d4f    0x34  Code  Lc  ColorControlServer.o [4]
writeColorTemperature      0x3'6d83    0x1a  Code  Lc  ColorControlServer.o [4]
writeEndWord               0x1'b873    0x28  Code  Lc  mfg-token.o [17]
writeFullAllowed           0x1'9a13    0x18  Code  Lc  nvm3.o [73]
writeMessage               0x1'eb2b    0xae  Code  Lc  legacy-packet-buffer.o [84]
writeRemainingTime         0x3'6d9d     0x2  Code  Lc  ColorControlServer.o [4]
writeRemainingTime         0x1'5bd9     0x2  Code  Lc  LevelControlServer.o [4]
writeServerAttribute       0x2'f011    0x2e  Code  Lc  scenes.o [53]
writeStartWord             0x1'b853    0x20  Code  Lc  mfg-token.o [17]
writeToFifo                0x3'a4c9     0x8  Code  Lc  em_se.o [20]
xorBytesIntoBlock          0x4'84c3    0x8c  Code  Lc  ccm-star.o [10]
xyTransitionEventControl
                        0x2000'f4cc     0x8  Data  Gb  ColorControlServer.o [4]
zaNodeSecurityInit         0x2'392f    0xb6  Code  Gb  af-node.o [57]
zaTrustCenterSecurityInit
                           0x3'3415    0xce  Code  Gb  af-trust-center.o [57]
zaTrustCenterSecurityPolicyInit
                           0x3'33e9    0x2c  Code  Gb  af-trust-center.o [57]
zclBasicGlsrCommand        0x5'0011     0xe  Code  Lc  znet-cli.o [2]
zclBufferAddByte           0x4'de65    0x14  Code  Gb  zcl-cli.o [57]
zclBufferAddByteFromArgument
                           0x4'deb1    0x14  Code  Gb  zcl-cli.o [57]
zclBufferAddInt16sFromArgument
                           0x4'ded9    0x14  Code  Gb  zcl-cli.o [57]
zclBufferAddInt32          0x4'de93    0x1e  Code  Gb  zcl-cli.o [57]
zclBufferAddInt32FromArgument
                           0x4'df13    0x12  Code  Gb  zcl-cli.o [57]
zclBufferAddInt32sFromArgument
                           0x4'deed    0x12  Code  Gb  zcl-cli.o [57]
zclBufferAddInt8sFromArgument
                           0x4'dec5    0x14  Code  Gb  zcl-cli.o [57]
zclBufferAddLengthAndStringFromArgument
                           0x4'dfa9    0x10  Code  Gb  zcl-cli.o [57]
zclBufferAddWord           0x4'de79    0x1a  Code  Gb  zcl-cli.o [57]
zclBufferAddWordFromArgument
                           0x4'deff    0x14  Code  Gb  zcl-cli.o [57]
zclBufferSetup             0x4'ddd3    0x92  Code  Gb  zcl-cli.o [57]
zclClusterNames            0x5'25f8    0xa0  Data  Gb  util.o [57]
zclCmdIsBuilt           0x2000'fea3     0x1  Data  Gb  zcl-cli.o [57]
zclGlobalCommandDiscoveryCommand
                           0x4'e371    0x40  Code  Gb  zcl-cli.o [57]
zclGlobalDirection      0x2000'fea6     0x1  Data  Lc  zcl-cli.o [57]
zclGlobalDirectionCommand
                           0x4'e0e9    0x22  Code  Gb  zcl-cli.o [57]
zclGlobalDiscoverCommand
                           0x4'e1a9     0xe  Code  Gb  zcl-cli.o [57]
zclGlobalExpectReportFromMeCommand
                           0x4'e341    0x30  Code  Gb  zcl-cli.o [57]
zclGlobalReadCommand       0x4'e10b     0xe  Code  Gb  zcl-cli.o [57]
zclGlobalReportCommand     0x4'e1b7    0xe6  Code  Gb  zcl-cli.o [57]
zclGlobalReportReadCommand
                           0x4'e29d    0x2a  Code  Gb  zcl-cli.o [57]
zclGlobalSendMeAReportCommand
                           0x4'e2c7    0x7a  Code  Gb  zcl-cli.o [57]
zclGlobalSetup             0x4'e0b5    0x34  Code  Gb  zcl-cli.o [57]
zclGlobalWriteCommand      0x4'e119    0x90  Code  Gb  zcl-cli.o [57]
zclIdentifyEzModeCommand
                           0x5'001f     0xe  Code  Lc  znet-cli.o [2]
zclIdentifyIdCommand       0x5'002d     0xe  Code  Lc  znet-cli.o [2]
zclIdentifyOnOffCommand
                           0x4'e451    0x6a  Code  Gb  zcl-cli.o [57]
zclIdentifyQueryCommand
                           0x5'003b     0xe  Code  Lc  znet-cli.o [2]
zclIdentifyTriggerCommand
                           0x5'0049     0xe  Code  Lc  znet-cli.o [2]
zclMfgCodeCommand          0x4'e3c5    0x30  Code  Gb  zcl-cli.o [57]
zclSimpleCommand           0x4'dfb9    0xfc  Code  Gb  zcl-cli.o [57]
zclTestResponseOffCommand
                           0x4'e3bb     0xa  Code  Gb  zcl-cli.o [57]
zclTestResponseOnCommand
                           0x4'e3b1     0xa  Code  Gb  zcl-cli.o [57]
zclTimeCommand             0x4'e443     0xe  Code  Gb  zcl-cli.o [57]
zclUseNextSequenceCommand
                           0x4'e411    0x32  Code  Gb  zcl-cli.o [57]
zclXDefaultRespCommand     0x4'e3f5    0x1c  Code  Gb  zcl-cli.o [57]
zdoActiveEpCommand         0x4'efc1    0x26  Code  Gb  zdo-cli.o [57]
zdoAddClusterCommand       0x4'ee0d    0x4a  Code  Gb  zdo-cli.o [57]
zdoBindCommand             0x4'ed77    0x96  Code  Gb  zdo-cli.o [57]
zdoClearClusterCommand     0x4'ee57    0x26  Code  Gb  zdo-cli.o [57]
zdoConfigurationModeEnabled
                        0x2000'cfeb     0x1  Data  Gb  zigbee-device-util.o [84]
zdoIeeeAddressRequestCommand
                           0x4'ec77    0x18  Code  Gb  zdo-cli.o [57]
zdoLeaveRequestCommand     0x4'f04b    0x56  Code  Gb  zdo-cli.o [57]
zdoMatchCommand            0x4'eced    0x4e  Code  Gb  zdo-cli.o [57]
zdoMgmtBindCommand         0x4'f019    0x32  Code  Gb  zdo-cli.o [57]
zdoMgmtLqiCommand          0x4'efe7    0x32  Code  Gb  zdo-cli.o [57]
zdoNetworkUpdateChannelCommand
                           0x4'ee7d    0x96  Code  Gb  zdo-cli.o [57]
zdoNetworkUpdateScanCommand
                           0x4'ef13    0x7c  Code  Gb  zdo-cli.o [57]
zdoNetworkUpdateSetCommand
                           0x4'ef8f    0x32  Code  Gb  zdo-cli.o [57]
zdoNodeCommand             0x4'ecc3    0x2a  Code  Gb  zdo-cli.o [57]
zdoNwkAddressRequestCommand
                           0x4'ec61    0x16  Code  Gb  zdo-cli.o [57]
zdoPowerDescriptorRequestCommand
                           0x4'f0a1    0x28  Code  Gb  zdo-cli.o [57]
zdoRouteRequestCommand     0x4'f1d5    0x34  Code  Gb  zdo-cli.o [57]
zdoSimpleCommand           0x4'ec8f    0x34  Code  Gb  zdo-cli.o [57]
zdoUnbindGroupCommand      0x4'f18b    0x18  Code  Gb  zdo-cli.o [57]
zdoUnbindUnicastCommand
                           0x4'f1a3    0x32  Code  Gb  zdo-cli.o [57]
zeroLenByte             0x2000'fb3a     0x2  Data  Lc  message.o [57]
zeroLenBytePtr          0x2000'c738     0x4  Data  Lc  message.o [57]
zigDevApsStruct         0x2000'f7e4     0x4  Data  Lc  zigbee-device-util.o [84]
zigDevRequestRadius     0x2000'cfe1     0x1  Data  Gb  zigbee-device-common.o [2]
zigDevRequestSequence   0x2000'fefc     0x1  Data  Lc  zigbee-device-common.o [2]
zigDevRequestSequence   0x2000'f7e0     0x1  Data  Lc  zigbee-device-util.o [84]
zigbee2Dali             0x2000'f420    0xa4  Data  Gb  Zigbee2Dali.o [5]
zigbee2DaliDEFAULT         0x5'4f54    0xa4  Data  Gb  Zigbee2Dali.o [5]
zigbee2DaliDeviceDEFAULT
                           0x5'4ff8    0x34  Data  Gb  Zigbee2Dali.o [5]
zigbeeMacFilterList        0x5'9588     0x2  Data  Gb  ember-configuration.o [2]
zllActiveScanCompleteHandler
                           0x2'bd45    0x16  Code  Lc  zigbee-scan.o [84]
zll_channel_stay           0x2'bbbb    0x2e  Code  Gb  zigbee-scan.o [84]
zll_scan_request_callback
                           0x2'bbe9    0xa6  Code  Lc  zigbee-scan.o [84]


[1] = C:\SiliconLabs\SimplicityStudio\v5\developer\sdks\gecko_sdk_suite\v3.2\protocol\zigbee\app\framework\plugin\encelium-commissioning
[2] = C:\Users\arjun\SimplicityStudio\v5_workspace\ZigbeeHaLightEndDevice\IAR ARM - Default
[3] = C:\Users\arjun\SimplicityStudio\v5_workspace\ZigbeeHaLightEndDevice\IAR ARM - Default\ZigbeeCallbacks
[4] = C:\Users\arjun\SimplicityStudio\v5_workspace\ZigbeeHaLightEndDevice\IAR ARM - Default\ZigbeeCallbacks\ClusterServerCallbacks
[5] = C:\Users\arjun\SimplicityStudio\v5_workspace\ZigbeeHaLightEndDevice\IAR ARM - Default\ZigbeeServices\Zigbee2Dali
[6] = C:\Users\arjun\SimplicityStudio\v5_workspace\ZigbeeHaLightEndDevice\IAR ARM - Default\ZigbeeServices\Zigbee2Dali\DaliUart
[7] = C:\Users\arjun\SimplicityStudio\v5_workspace\ZigbeeHaLightEndDevice\IAR ARM - Default\ZigbeeServices\Zigbee2Dali\DaliUart\DaliUartHAL
[8] = C:\Users\arjun\SimplicityStudio\v5_workspace\ZigbeeHaLightEndDevice\IAR ARM - Default\adc\EFR32
[9] = C:\Users\arjun\SimplicityStudio\v5_workspace\ZigbeeHaLightEndDevice\IAR ARM - Default\antenna-stub
[10] = C:\Users\arjun\SimplicityStudio\v5_workspace\ZigbeeHaLightEndDevice\IAR ARM - Default\ccm-encryption
[11] = C:\Users\arjun\SimplicityStudio\v5_workspace\ZigbeeHaLightEndDevice\IAR ARM - Default\coexistence-stub\EFR32
[12] = C:\Users\arjun\SimplicityStudio\v5_workspace\ZigbeeHaLightEndDevice\IAR ARM - Default\concentrator
[13] = C:\Users\arjun\SimplicityStudio\v5_workspace\ZigbeeHaLightEndDevice\IAR ARM - Default\counters
[14] = C:\Users\arjun\SimplicityStudio\v5_workspace\ZigbeeHaLightEndDevice\IAR ARM - Default\debug-basic-library\EFR32
[15] = C:\Users\arjun\SimplicityStudio\v5_workspace\ZigbeeHaLightEndDevice\IAR ARM - Default\debug-jtag\EFR32
[16] = C:\Users\arjun\SimplicityStudio\v5_workspace\ZigbeeHaLightEndDevice\IAR ARM - Default\eeprom
[17] = C:\Users\arjun\SimplicityStudio\v5_workspace\ZigbeeHaLightEndDevice\IAR ARM - Default\efr32
[18] = C:\Users\arjun\SimplicityStudio\v5_workspace\ZigbeeHaLightEndDevice\IAR ARM - Default\ember-minimal-printf
[19] = C:\Users\arjun\SimplicityStudio\v5_workspace\ZigbeeHaLightEndDevice\IAR ARM - Default\emdrv
[20] = C:\Users\arjun\SimplicityStudio\v5_workspace\ZigbeeHaLightEndDevice\IAR ARM - Default\emlib
[21] = C:\Users\arjun\SimplicityStudio\v5_workspace\ZigbeeHaLightEndDevice\IAR ARM - Default\encelium-commissioning
[22] = C:\Users\arjun\SimplicityStudio\v5_workspace\ZigbeeHaLightEndDevice\IAR ARM - Default\encelium-coroutine
[23] = C:\Users\arjun\SimplicityStudio\v5_workspace\ZigbeeHaLightEndDevice\IAR ARM - Default\encelium-diagnostics
[24] = C:\Users\arjun\SimplicityStudio\v5_workspace\ZigbeeHaLightEndDevice\IAR ARM - Default\encelium-interface
[25] = C:\Users\arjun\SimplicityStudio\v5_workspace\ZigbeeHaLightEndDevice\IAR ARM - Default\encelium-interpan
[26] = C:\Users\arjun\SimplicityStudio\v5_workspace\ZigbeeHaLightEndDevice\IAR ARM - Default\encelium-main
[27] = C:\Users\arjun\SimplicityStudio\v5_workspace\ZigbeeHaLightEndDevice\IAR ARM - Default\encelium-radio-control
[28] = C:\Users\arjun\SimplicityStudio\v5_workspace\ZigbeeHaLightEndDevice\IAR ARM - Default\encelium-restart-message
[29] = C:\Users\arjun\SimplicityStudio\v5_workspace\ZigbeeHaLightEndDevice\IAR ARM - Default\encelium-sw-timer
[30] = C:\Users\arjun\SimplicityStudio\v5_workspace\ZigbeeHaLightEndDevice\IAR ARM - Default\external-generated-files
[31] = C:\Users\arjun\SimplicityStudio\v5_workspace\ZigbeeHaLightEndDevice\IAR ARM - Default\groups-server
[32] = C:\Users\arjun\SimplicityStudio\v5_workspace\ZigbeeHaLightEndDevice\IAR ARM - Default\hal-library\EFR32
[33] = C:\Users\arjun\SimplicityStudio\v5_workspace\ZigbeeHaLightEndDevice\IAR ARM - Default\hal-library\EFR32_2
[34] = C:\Users\arjun\SimplicityStudio\v5_workspace\ZigbeeHaLightEndDevice\IAR ARM - Default\hal-library\EFR32_xx
[35] = C:\Users\arjun\SimplicityStudio\v5_workspace\ZigbeeHaLightEndDevice\IAR ARM - Default\mbedtls\EFR32
[36] = C:\Users\arjun\SimplicityStudio\v5_workspace\ZigbeeHaLightEndDevice\IAR ARM - Default\nvm3
[37] = C:\Users\arjun\SimplicityStudio\v5_workspace\ZigbeeHaLightEndDevice\IAR ARM - Default\nvm3\EFR32
[38] = C:\Users\arjun\SimplicityStudio\v5_workspace\ZigbeeHaLightEndDevice\IAR ARM - Default\on-off
[39] = C:\Users\arjun\SimplicityStudio\v5_workspace\ZigbeeHaLightEndDevice\IAR ARM - Default\osramds-UserInterface
[40] = C:\Users\arjun\SimplicityStudio\v5_workspace\ZigbeeHaLightEndDevice\IAR ARM - Default\osramds-alarm-server
[41] = C:\Users\arjun\SimplicityStudio\v5_workspace\ZigbeeHaLightEndDevice\IAR ARM - Default\osramds-basic-server
[42] = C:\Users\arjun\SimplicityStudio\v5_workspace\ZigbeeHaLightEndDevice\IAR ARM - Default\osramds-identify-server
[43] = C:\Users\arjun\SimplicityStudio\v5_workspace\ZigbeeHaLightEndDevice\IAR ARM - Default\osramds-ota-client-policy
[44] = C:\Users\arjun\SimplicityStudio\v5_workspace\ZigbeeHaLightEndDevice\IAR ARM - Default\osramds-reset2factory
[45] = C:\Users\arjun\SimplicityStudio\v5_workspace\ZigbeeHaLightEndDevice\IAR ARM - Default\osramds-time-server
[46] = C:\Users\arjun\SimplicityStudio\v5_workspace\ZigbeeHaLightEndDevice\IAR ARM - Default\ota-bootload
[47] = C:\Users\arjun\SimplicityStudio\v5_workspace\ZigbeeHaLightEndDevice\IAR ARM - Default\ota-client
[48] = C:\Users\arjun\SimplicityStudio\v5_workspace\ZigbeeHaLightEndDevice\IAR ARM - Default\ota-common
[49] = C:\Users\arjun\SimplicityStudio\v5_workspace\ZigbeeHaLightEndDevice\IAR ARM - Default\ota-storage-common
[50] = C:\Users\arjun\SimplicityStudio\v5_workspace\ZigbeeHaLightEndDevice\IAR ARM - Default\ota-storage-simple
[51] = C:\Users\arjun\SimplicityStudio\v5_workspace\ZigbeeHaLightEndDevice\IAR ARM - Default\ota-storage-simple-eeprom
[52] = C:\Users\arjun\SimplicityStudio\v5_workspace\ZigbeeHaLightEndDevice\IAR ARM - Default\reporting
[53] = C:\Users\arjun\SimplicityStudio\v5_workspace\ZigbeeHaLightEndDevice\IAR ARM - Default\scenes
[54] = C:\Users\arjun\SimplicityStudio\v5_workspace\ZigbeeHaLightEndDevice\IAR ARM - Default\serial
[55] = C:\Users\arjun\SimplicityStudio\v5_workspace\ZigbeeHaLightEndDevice\IAR ARM - Default\serial\EFR32
[56] = C:\Users\arjun\SimplicityStudio\v5_workspace\ZigbeeHaLightEndDevice\IAR ARM - Default\strong-random
[57] = C:\Users\arjun\SimplicityStudio\v5_workspace\ZigbeeHaLightEndDevice\IAR ARM - Default\zcl-framework-core
[58] = binding-table-library.a
[59] = cbke-163k1-stub-library.a
[60] = cbke-283k1-stub-library.a
[61] = cbke-library-dsa-sign-stub.a
[62] = cbke-library-dsa-verify-283k1-stub.a
[63] = cbke-library-dsa-verify-stub.a
[64] = cbke-stub-library.a
[65] = debug-basic-library.a
[66] = debug-extended-stub-library.a
[67] = dl7M_tln.a
[68] = ecom-library.a
[69] = end-device-bind-stub-library.a
[70] = gp-stub-library.a
[71] = hal-library.a
[72] = install-code-library.a
[73] = libnvm3_CM33_iar.a
[74] = librail_efr32xg21_iar_release.a
[75] = m7M_tls.a
[76] = mfglib-library.a
[77] = multi-network-stub-library.a
[78] = multi-pan-stub-library.a
[79] = packet-validate-library.a
[80] = rt7M_tl.a
[81] = security-library-link-keys-stub.a
[82] = sim-eeprom2-to-nvm3-upgrade-stub-library.a
[83] = source-route-library.a
[84] = zigbee-pro-stack.a
[85] = zigbee-r22-support-stub-library.a
[86] = zll-stub-library.a

  310'248 bytes of readonly  code memory
      516 bytes of readwrite code memory
   40'473 bytes of readonly  data memory
   62'572 bytes of readwrite data memory

Errors: none
Warnings: 1
